Archive member included to satisfy reference by file (symbol)

C:/ST/STM32CubeIDE_1.16.1/STM32CubeIDE/plugins/com.st.stm32cube.ide.mcu.externaltools.gnu-tools-for-stm32.12.3.rel1.win32_1.0.200.202406191623/tools/bin/../lib/gcc/arm-none-eabi/12.3.1/../../../../arm-none-eabi/lib/thumb/v7e-m+fp/hard\libc_nano.a(libc_a-exit.o)
                              C:/ST/STM32CubeIDE_1.16.1/STM32CubeIDE/plugins/com.st.stm32cube.ide.mcu.externaltools.gnu-tools-for-stm32.12.3.rel1.win32_1.0.200.202406191623/tools/bin/../lib/gcc/arm-none-eabi/12.3.1/../../../../arm-none-eabi/lib/thumb/v7e-m+fp/hard/crt0.o (exit)
C:/ST/STM32CubeIDE_1.16.1/STM32CubeIDE/plugins/com.st.stm32cube.ide.mcu.externaltools.gnu-tools-for-stm32.12.3.rel1.win32_1.0.200.202406191623/tools/bin/../lib/gcc/arm-none-eabi/12.3.1/../../../../arm-none-eabi/lib/thumb/v7e-m+fp/hard\libc_nano.a(libc_a-malloc.o)
                              ./Core/Src/main.o (malloc)
C:/ST/STM32CubeIDE_1.16.1/STM32CubeIDE/plugins/com.st.stm32cube.ide.mcu.externaltools.gnu-tools-for-stm32.12.3.rel1.win32_1.0.200.202406191623/tools/bin/../lib/gcc/arm-none-eabi/12.3.1/../../../../arm-none-eabi/lib/thumb/v7e-m+fp/hard\libc_nano.a(libc_a-mallocr.o)
                              C:/ST/STM32CubeIDE_1.16.1/STM32CubeIDE/plugins/com.st.stm32cube.ide.mcu.externaltools.gnu-tools-for-stm32.12.3.rel1.win32_1.0.200.202406191623/tools/bin/../lib/gcc/arm-none-eabi/12.3.1/../../../../arm-none-eabi/lib/thumb/v7e-m+fp/hard\libc_nano.a(libc_a-malloc.o) (_malloc_r)
C:/ST/STM32CubeIDE_1.16.1/STM32CubeIDE/plugins/com.st.stm32cube.ide.mcu.externaltools.gnu-tools-for-stm32.12.3.rel1.win32_1.0.200.202406191623/tools/bin/../lib/gcc/arm-none-eabi/12.3.1/../../../../arm-none-eabi/lib/thumb/v7e-m+fp/hard\libc_nano.a(libc_a-mlock.o)
                              C:/ST/STM32CubeIDE_1.16.1/STM32CubeIDE/plugins/com.st.stm32cube.ide.mcu.externaltools.gnu-tools-for-stm32.12.3.rel1.win32_1.0.200.202406191623/tools/bin/../lib/gcc/arm-none-eabi/12.3.1/../../../../arm-none-eabi/lib/thumb/v7e-m+fp/hard\libc_nano.a(libc_a-mallocr.o) (__malloc_lock)
C:/ST/STM32CubeIDE_1.16.1/STM32CubeIDE/plugins/com.st.stm32cube.ide.mcu.externaltools.gnu-tools-for-stm32.12.3.rel1.win32_1.0.200.202406191623/tools/bin/../lib/gcc/arm-none-eabi/12.3.1/../../../../arm-none-eabi/lib/thumb/v7e-m+fp/hard\libc_nano.a(libc_a-findfp.o)
                              C:/ST/STM32CubeIDE_1.16.1/STM32CubeIDE/plugins/com.st.stm32cube.ide.mcu.externaltools.gnu-tools-for-stm32.12.3.rel1.win32_1.0.200.202406191623/tools/bin/../lib/gcc/arm-none-eabi/12.3.1/../../../../arm-none-eabi/lib/thumb/v7e-m+fp/hard\libc_nano.a(libc_a-exit.o) (__stdio_exit_handler)
C:/ST/STM32CubeIDE_1.16.1/STM32CubeIDE/plugins/com.st.stm32cube.ide.mcu.externaltools.gnu-tools-for-stm32.12.3.rel1.win32_1.0.200.202406191623/tools/bin/../lib/gcc/arm-none-eabi/12.3.1/../../../../arm-none-eabi/lib/thumb/v7e-m+fp/hard\libc_nano.a(libc_a-fwalk.o)
                              C:/ST/STM32CubeIDE_1.16.1/STM32CubeIDE/plugins/com.st.stm32cube.ide.mcu.externaltools.gnu-tools-for-stm32.12.3.rel1.win32_1.0.200.202406191623/tools/bin/../lib/gcc/arm-none-eabi/12.3.1/../../../../arm-none-eabi/lib/thumb/v7e-m+fp/hard\libc_nano.a(libc_a-findfp.o) (_fwalk_sglue)
C:/ST/STM32CubeIDE_1.16.1/STM32CubeIDE/plugins/com.st.stm32cube.ide.mcu.externaltools.gnu-tools-for-stm32.12.3.rel1.win32_1.0.200.202406191623/tools/bin/../lib/gcc/arm-none-eabi/12.3.1/../../../../arm-none-eabi/lib/thumb/v7e-m+fp/hard\libc_nano.a(libc_a-stdio.o)
                              C:/ST/STM32CubeIDE_1.16.1/STM32CubeIDE/plugins/com.st.stm32cube.ide.mcu.externaltools.gnu-tools-for-stm32.12.3.rel1.win32_1.0.200.202406191623/tools/bin/../lib/gcc/arm-none-eabi/12.3.1/../../../../arm-none-eabi/lib/thumb/v7e-m+fp/hard\libc_nano.a(libc_a-findfp.o) (__sread)
C:/ST/STM32CubeIDE_1.16.1/STM32CubeIDE/plugins/com.st.stm32cube.ide.mcu.externaltools.gnu-tools-for-stm32.12.3.rel1.win32_1.0.200.202406191623/tools/bin/../lib/gcc/arm-none-eabi/12.3.1/../../../../arm-none-eabi/lib/thumb/v7e-m+fp/hard\libc_nano.a(libc_a-memset.o)
                              C:/ST/STM32CubeIDE_1.16.1/STM32CubeIDE/plugins/com.st.stm32cube.ide.mcu.externaltools.gnu-tools-for-stm32.12.3.rel1.win32_1.0.200.202406191623/tools/bin/../lib/gcc/arm-none-eabi/12.3.1/../../../../arm-none-eabi/lib/thumb/v7e-m+fp/hard/crt0.o (memset)
C:/ST/STM32CubeIDE_1.16.1/STM32CubeIDE/plugins/com.st.stm32cube.ide.mcu.externaltools.gnu-tools-for-stm32.12.3.rel1.win32_1.0.200.202406191623/tools/bin/../lib/gcc/arm-none-eabi/12.3.1/../../../../arm-none-eabi/lib/thumb/v7e-m+fp/hard\libc_nano.a(libc_a-closer.o)
                              C:/ST/STM32CubeIDE_1.16.1/STM32CubeIDE/plugins/com.st.stm32cube.ide.mcu.externaltools.gnu-tools-for-stm32.12.3.rel1.win32_1.0.200.202406191623/tools/bin/../lib/gcc/arm-none-eabi/12.3.1/../../../../arm-none-eabi/lib/thumb/v7e-m+fp/hard\libc_nano.a(libc_a-stdio.o) (_close_r)
[...]
Memory Configuration

Name             Origin             Length             Attributes
RAM              0x20000000         0x00020000         xrw
FLASH            0x08000000         0x00080000         xr
*default*        0x00000000         0xffffffff

Linker script and memory map

LOAD C:/ST/STM32CubeIDE_1.16.1/STM32CubeIDE/plugins/com.st.stm32cube.ide.mcu.externaltools.gnu-tools-for-stm32.12.3.rel1.win32_1.0.200.202406191623/tools/bin/../lib/gcc/arm-none-eabi/12.3.1/thumb/v7e-m+fp/hard/crti.o
LOAD C:/ST/STM32CubeIDE_1.16.1/STM32CubeIDE/plugins/com.st.stm32cube.ide.mcu.externaltools.gnu-tools-for-stm32.12.3.rel1.win32_1.0.200.202406191623/tools/bin/../lib/gcc/arm-none-eabi/12.3.1/thumb/v7e-m+fp/hard/crtbegin.o
LOAD C:/ST/STM32CubeIDE_1.16.1/STM32CubeIDE/plugins/com.st.stm32cube.ide.mcu.externaltools.gnu-tools-for-stm32.12.3.rel1.win32_1.0.200.202406191623/tools/bin/../lib/gcc/arm-none-eabi/12.3.1/../../../../arm-none-eabi/lib/thumb/v7e-m+fp/hard/crt0.o
LOAD ./Core/Src/Duck.o
LOAD ./Core/Src/Target.o
LOAD ./Core/Src/fonts.o
LOAD ./Core/Src/main.o
LOAD ./Core/Src/stm32f4xx_hal_msp.o
LOAD ./Core/Src/stm32f4xx_it.o
LOAD ./Core/Src/syscalls.o
LOAD ./Core/Src/sysmem.o
LOAD ./Core/Src/system_stm32f4xx.o
LOAD ./Core/Src/tft.o
LOAD ./Core/Startup/startup_stm32f446retx.o
LOAD ./Drivers/STM32F4xx_HAL_Driver/Src/stm32f4xx_hal.o
LOAD ./Drivers/STM32F4xx_HAL_Driver/Src/stm32f4xx_hal_adc.o
LOAD ./Drivers/STM32F4xx_HAL_Driver/Src/stm32f4xx_hal_adc_ex.o
LOAD ./Drivers/STM32F4xx_HAL_Driver/Src/stm32f4xx_hal_cortex.o
LOAD ./Drivers/STM32F4xx_HAL_Driver/Src/stm32f4xx_hal_dma.o
LOAD ./Drivers/STM32F4xx_HAL_Driver/Src/stm32f4xx_hal_dma_ex.o
LOAD ./Drivers/STM32F4xx_HAL_Driver/Src/stm32f4xx_hal_exti.o
LOAD ./Drivers/STM32F4xx_HAL_Driver/Src/stm32f4xx_hal_flash.o
LOAD ./Drivers/STM32F4xx_HAL_Driver/Src/stm32f4xx_hal_flash_ex.o
LOAD ./Drivers/STM32F4xx_HAL_Driver/Src/stm32f4xx_hal_flash_ramfunc.o
LOAD ./Drivers/STM32F4xx_HAL_Driver/Src/stm32f4xx_hal_gpio.o
LOAD ./Drivers/STM32F4xx_HAL_Driver/Src/stm32f4xx_hal_pwr.o
LOAD ./Drivers/STM32F4xx_HAL_Driver/Src/stm32f4xx_hal_pwr_ex.o
LOAD ./Drivers/STM32F4xx_HAL_Driver/Src/stm32f4xx_hal_rcc.o
LOAD ./Drivers/STM32F4xx_HAL_Driver/Src/stm32f4xx_hal_rcc_ex.o
LOAD ./Drivers/STM32F4xx_HAL_Driver/Src/stm32f4xx_hal_tim.o
LOAD ./Drivers/STM32F4xx_HAL_Driver/Src/stm32f4xx_hal_tim_ex.o
LOAD ./Drivers/STM32F4xx_HAL_Driver/Src/stm32f4xx_hal_uart.o
LOAD ./Drivers/STM32F4xx_HAL_Driver/Src/stm32f4xx_ll_adc.o
START GROUP
LOAD C:/ST/STM32CubeIDE_1.16.1/STM32CubeIDE/plugins/com.st.stm32cube.ide.mcu.externaltools.gnu-tools-for-stm32.12.3.rel1.win32_1.0.200.202406191623/tools/bin/../lib/gcc/arm-none-eabi/12.3.1/../../../../arm-none-eabi/lib/thumb/v7e-m+fp/hard\libc_nano.a
LOAD C:/ST/STM32CubeIDE_1.16.1/STM32CubeIDE/plugins/com.st.stm32cube.ide.mcu.externaltools.gnu-tools-for-stm32.12.3.rel1.win32_1.0.200.202406191623/tools/bin/../lib/gcc/arm-none-eabi/12.3.1/../../../../arm-none-eabi/lib/thumb/v7e-m+fp/hard\libm.a
END GROUP
START GROUP
LOAD C:/ST/STM32CubeIDE_1.16.1/STM32CubeIDE/plugins/com.st.stm32cube.ide.mcu.externaltools.gnu-tools-for-stm32.12.3.rel1.win32_1.0.200.202406191623/tools/bin/../lib/gcc/arm-none-eabi/12.3.1/thumb/v7e-m+fp/hard\libgcc.a
LOAD C:/ST/STM32CubeIDE_1.16.1/STM32CubeIDE/plugins/com.st.stm32cube.ide.mcu.externaltools.gnu-tools-for-stm32.12.3.rel1.win32_1.0.200.202406191623/tools/bin/../lib/gcc/arm-none-eabi/12.3.1/../../../../arm-none-eabi/lib/thumb/v7e-m+fp/hard\libc_nano.a
END GROUP
START GROUP
LOAD C:/ST/STM32CubeIDE_1.16.1/STM32CubeIDE/plugins/com.st.stm32cube.ide.mcu.externaltools.gnu-tools-for-stm32.12.3.rel1.win32_1.0.200.202406191623/tools/bin/../lib/gcc/arm-none-eabi/12.3.1/thumb/v7e-m+fp/hard\libgcc.a
LOAD C:/ST/STM32CubeIDE_1.16.1/STM32CubeIDE/plugins/com.st.stm32cube.ide.mcu.externaltools.gnu-tools-for-stm32.12.3.rel1.win32_1.0.200.202406191623/tools/bin/../lib/gcc/arm-none-eabi/12.3.1/../../../../arm-none-eabi/lib/thumb/v7e-m+fp/hard\libc_nano.a
LOAD C:/ST/STM32CubeIDE_1.16.1/STM32CubeIDE/plugins/com.st.stm32cube.ide.mcu.externaltools.gnu-tools-for-stm32.12.3.rel1.win32_1.0.200.202406191623/tools/bin/../lib/gcc/arm-none-eabi/12.3.1/../../../../arm-none-eabi/lib/thumb/v7e-m+fp/hard\libnosys.a
END GROUP
START GROUP
LOAD C:/ST/STM32CubeIDE_1.16.1/STM32CubeIDE/plugins/com.st.stm32cube.ide.mcu.externaltools.gnu-tools-for-stm32.12.3.rel1.win32_1.0.200.202406191623/tools/bin/../lib/gcc/arm-none-eabi/12.3.1/thumb/v7e-m+fp/hard\libgcc.a
LOAD C:/ST/STM32CubeIDE_1.16.1/STM32CubeIDE/plugins/com.st.stm32cube.ide.mcu.externaltools.gnu-tools-for-stm32.12.3.rel1.win32_1.0.200.202406191623/tools/bin/../lib/gcc/arm-none-eabi/12.3.1/../../../../arm-none-eabi/lib/thumb/v7e-m+fp/hard\libc_nano.a
LOAD C:/ST/STM32CubeIDE_1.16.1/STM32CubeIDE/plugins/com.st.stm32cube.ide.mcu.externaltools.gnu-tools-for-stm32.12.3.rel1.win32_1.0.200.202406191623/tools/bin/../lib/gcc/arm-none-eabi/12.3.1/../../../../arm-none-eabi/lib/thumb/v7e-m+fp/hard\libnosys.a
END GROUP
LOAD C:/ST/STM32CubeIDE_1.16.1/STM32CubeIDE/plugins/com.st.stm32cube.ide.mcu.externaltools.gnu-tools-for-stm32.12.3.rel1.win32_1.0.200.202406191623/tools/bin/../lib/gcc/arm-none-eabi/12.3.1/thumb/v7e-m+fp/hard/crtend.o
LOAD C:/ST/STM32CubeIDE_1.16.1/STM32CubeIDE/plugins/com.st.stm32cube.ide.mcu.externaltools.gnu-tools-for-stm32.12.3.rel1.win32_1.0.200.202406191623/tools/bin/../lib/gcc/arm-none-eabi/12.3.1/thumb/v7e-m+fp/hard/crtn.o
                0x20020000                        _estack = (ORIGIN (RAM) + LENGTH (RAM))
                0x00000200                        _Min_Heap_Size = 0x200
                0x00000400                        _Min_Stack_Size = 0x400

.isr_vector     0x08000000      0x1c4
                0x08000000                        . = ALIGN (0x4)
 *(.isr_vector)
 .isr_vector    0x08000000      0x1c4 ./Core/Startup/startup_stm32f446retx.o
                0x08000000                g_pfnVectors
                0x080001c4                        . = ALIGN (0x4)

.text           0x080001c4     0x7ea4
                0x080001c4                        . = ALIGN (0x4)
 *(.text)
 .text          0x080001c4       0x40 C:/ST/STM32CubeIDE_1.16.1/STM32CubeIDE/plugins/com.st.stm32cube.ide.mcu.externaltools.gnu-tools-for-stm32.12.3.rel1.win32_1.0.200.202406191623/tools/bin/../lib/gcc/arm-none-eabi/12.3.1/thumb/v7e-m+fp/hard/crtbegin.o
 .text          0x08000204       0x30 C:/ST/STM32CubeIDE_1.16.1/STM32CubeIDE/plugins/com.st.stm32cube.ide.mcu.externaltools.gnu-tools-for-stm32.12.3.rel1.win32_1.0.200.202406191623/tools/bin/../lib/gcc/arm-none-eabi/12.3.1/thumb/v7e-m+fp/hard\libgcc.a(_aeabi_uldivmod.o)
                0x08000204                __aeabi_uldivmod
 .text          0x08000234      0x2bc C:/ST/STM32CubeIDE_1.16.1/STM32CubeIDE/plugins/com.st.stm32cube.ide.mcu.externaltools.gnu-tools-for-stm32.12.3.rel1.win32_1.0.200.202406191623/tools/bin/../lib/gcc/arm-none-eabi/12.3.1/thumb/v7e-m+fp/hard\libgcc.a(_udivmoddi4.o)
                0x08000234                __udivmoddi4
 .text          0x080004f0        0x4 C:/ST/STM32CubeIDE_1.16.1/STM32CubeIDE/plugins/com.st.stm32cube.ide.mcu.externaltools.gnu-tools-for-stm32.12.3.rel1.win32_1.0.200.202406191623/tools/bin/../lib/gcc/arm-none-eabi/12.3.1/thumb/v7e-m+fp/hard\libgcc.a(_dvmd_tls.o)
                0x080004f0                __aeabi_idiv0
                0x080004f0                __aeabi_ldiv0
 *(.text*)
 .text.main     0x080004f4      0x740 ./Core/Src/main.o
                0x080004f4                main
 .text.SystemClock_Config
                0x08000c34       0xdc ./Core/Src/main.o
                0x08000c34                SystemClock_Config
 .text.MX_ADC1_Init
                0x08000d10       0xa4 ./Core/Src/main.o
 .text.MX_ADC2_Init
                0x08000db4       0xa4 ./Core/Src/main.o
 .text.MX_TIM1_Init
                0x08000e58       0xa0 ./Core/Src/main.o
 .text.MX_USART2_UART_Init
                0x08000ef8       0x54 ./Core/Src/main.o
 .text.MX_GPIO_Init
                0x08000f4c      0x144 ./Core/Src/main.o
 .text.HAL_GPIO_EXTI_Callback
                0x08001090       0x28 ./Core/Src/main.o
                0x08001090                HAL_GPIO_EXTI_Callback
 .text.ADC_Value
                0x080010b8       0xb4 ./Core/Src/main.o
                0x080010b8                ADC_Value
 .text.Error_Handler
                0x0800116c        0xc ./Core/Src/main.o
                0x0800116c                Error_Handler
 .text.HAL_MspInit
                0x08001178       0x50 ./Core/Src/stm32f4xx_hal_msp.o
                0x08001178                HAL_MspInit
 .text.HAL_ADC_MspInit
                0x080011c8       0xe8 ./Core/Src/stm32f4xx_hal_msp.o
                0x080011c8                HAL_ADC_MspInit
 .text.HAL_TIM_Base_MspInit
                0x080012b0       0x44 ./Core/Src/stm32f4xx_hal_msp.o
                0x080012b0                HAL_TIM_Base_MspInit
 .text.HAL_UART_MspInit
                0x080012f4       0x90 ./Core/Src/stm32f4xx_hal_msp.o
                0x080012f4                HAL_UART_MspInit
 .text.NMI_Handler
                0x08001384        0x8 ./Core/Src/stm32f4xx_it.o
                0x08001384                NMI_Handler
 .text.HardFault_Handler
                0x0800138c        0x8 ./Core/Src/stm32f4xx_it.o
                0x0800138c                HardFault_Handler
 .text.MemManage_Handler
                0x08001394        0x8 ./Core/Src/stm32f4xx_it.o
                0x08001394                MemManage_Handler
 .text.BusFault_Handler
                0x0800139c        0x8 ./Core/Src/stm32f4xx_it.o
                0x0800139c                BusFault_Handler
 .text.UsageFault_Handler
                0x080013a4        0x8 ./Core/Src/stm32f4xx_it.o
                0x080013a4                UsageFault_Handler
 .text.SVC_Handler
                0x080013ac        0xe ./Core/Src/stm32f4xx_it.o
                0x080013ac                SVC_Handler
 .text.DebugMon_Handler
                0x080013ba        0xe ./Core/Src/stm32f4xx_it.o
                0x080013ba                DebugMon_Handler
 .text.PendSV_Handler
                0x080013c8        0xe ./Core/Src/stm32f4xx_it.o
                0x080013c8                PendSV_Handler
 .text.SysTick_Handler
                0x080013d6        0xc ./Core/Src/stm32f4xx_it.o
                0x080013d6                SysTick_Handler
 .text.EXTI1_IRQHandler
                0x080013e2        0xe ./Core/Src/stm32f4xx_it.o
                0x080013e2                EXTI1_IRQHandler
 .text._sbrk    0x080013f0       0x6c ./Core/Src/sysmem.o
                0x080013f0                _sbrk
 .text.SystemInit
                0x0800145c       0x24 ./Core/Src/system_stm32f4xx.o
                0x0800145c                SystemInit
 .text.PIN_LOW  0x08001480       0x20 ./Core/Src/tft.o
                0x08001480                PIN_LOW
 .text.PIN_HIGH
                0x080014a0       0x20 ./Core/Src/tft.o
                0x080014a0                PIN_HIGH
 .text.PIN_INPUT
                0x080014c0       0x2c ./Core/Src/tft.o
                0x080014c0                PIN_INPUT
 .text.PIN_OUTPUT
                0x080014ec       0x30 ./Core/Src/tft.o
                0x080014ec                PIN_OUTPUT
 .text.width    0x0800151c       0x18 ./Core/Src/tft.o
                0x0800151c                width
 .text.height   0x08001534       0x18 ./Core/Src/tft.o
                0x08001534                height
 .text.color565_to_555
                0x0800154c       0x40 ./Core/Src/tft.o
 .text.color555_to_565
                0x0800158c       0x42 ./Core/Src/tft.o
 .text.color565_to_r
                0x080015ce       0x22 ./Core/Src/tft.o
 .text.color565_to_g
                0x080015f0       0x22 ./Core/Src/tft.o
 .text.color565_to_b
                0x08001612       0x1c ./Core/Src/tft.o
 .text.pushCommand
                0x0800162e       0x26 ./Core/Src/tft.o
 .text.setReadDir
                0x08001654       0x5c ./Core/Src/tft.o
 .text.setWriteDir
                0x080016b0       0x5c ./Core/Src/tft.o
 .text.write24  0x0800170c      0x200 ./Core/Src/tft.o
 .text.writecmddata
                0x0800190c      0x2ac ./Core/Src/tft.o
 .text.WriteCmdParamN
                0x08001bb8      0x39c ./Core/Src/tft.o
 .text.WriteCmdParam4
                0x08001f54       0x48 ./Core/Src/tft.o
 .text.init_table
                0x08001f9c       0xb2 ./Core/Src/tft.o
 .text.init_table16
                0x0800204e       0x60 ./Core/Src/tft.o
 *fill*         0x080020ae        0x2 
 .text.read16bits
                0x080020b0      0x1e4 ./Core/Src/tft.o
 .text.readReg  0x08002294      0x1b8 ./Core/Src/tft.o
 .text.readReg32
                0x0800244c       0x36 ./Core/Src/tft.o
 .text.readReg40
                0x08002482       0x4e ./Core/Src/tft.o
 .text.setAddrWindow
                0x080024d0      0x248 ./Core/Src/tft.o
 .text.writePixel
                0x08002718       0x2a ./Core/Src/tft.o
 *fill*         0x08002742        0x2 
 .text.delay    0x08002744       0x30 ./Core/Src/tft.o
 .text.tft_color565
                0x08002774       0x4c ./Core/Src/tft.o
                0x08002774                tft_color565
 .text.tft_readPixel
                0x080027c0       0x30 ./Core/Src/tft.o
                0x080027c0                tft_readPixel
 .text.tft_writeCmdData
                0x080027f0       0x24 ./Core/Src/tft.o
                0x080027f0                tft_writeCmdData
 .text.tft_readGRAM
                0x08002814      0xbe0 ./Core/Src/tft.o
                0x08002814                tft_readGRAM
 .text.tft_reset
                0x080033f4       0x98 ./Core/Src/tft.o
                0x080033f4                tft_reset
 .text.tft_init
                0x0800348c      0x710 ./Core/Src/tft.o
                0x0800348c                tft_init
 .text.tft_readID
                0x08003b9c      0x280 ./Core/Src/tft.o
                0x08003b9c                tft_readID
 .text.tft_setRotation
                0x08003e1c      0x510 ./Core/Src/tft.o
                0x08003e1c                tft_setRotation
 .text.tft_drawPixel
                0x0800432c      0x20c ./Core/Src/tft.o
                0x0800432c                tft_drawPixel
 .text.tft_vertScroll
                0x08004538      0x24c ./Core/Src/tft.o
                0x08004538                tft_vertScroll
 .text.tft_invertDisplay
                0x08004784      0x14c ./Core/Src/tft.o
                0x08004784                tft_invertDisplay
 .text.tft_drawCircle
                0x080048d0      0x1d8 ./Core/Src/tft.o
                0x080048d0                tft_drawCircle
 .text.tft_fillRect
                0x08004aa8      0x448 ./Core/Src/tft.o
                0x08004aa8                tft_fillRect
 .text.tft_fillScreen
                0x08004ef0       0x34 ./Core/Src/tft.o
                0x08004ef0                tft_fillScreen
 .text.tft_inicioDados
                0x08004f24      0x164 ./Core/Src/tft.o
                0x08004f24                tft_inicioDados
 .text.tft_fimDados
                0x08005088       0x14 ./Core/Src/tft.o
                0x08005088                tft_fimDados
 .text.tft_gpio_init
                0x0800509c       0xe4 ./Core/Src/tft.o
                0x0800509c                tft_gpio_init
 .text.tft_drawRGBBitmap
                0x08005180      0x320 ./Core/Src/tft.o
                0x08005180                tft_drawRGBBitmap
 .text.Reset_Handler
                0x080054a0       0x50 ./Core/Startup/startup_stm32f446retx.o
                0x080054a0                Reset_Handler
 .text.Default_Handler
                0x080054f0        0x2 ./Core/Startup/startup_stm32f446retx.o
                0x080054f0                RTC_Alarm_IRQHandler
                0x080054f0                EXTI2_IRQHandler
                0x080054f0                TIM8_CC_IRQHandler
                0x080054f0                FMPI2C1_EV_IRQHandler
                0x080054f0                SPI4_IRQHandler
                0x080054f0                TIM1_CC_IRQHandler
                0x080054f0                DMA2_Stream5_IRQHandler
                0x080054f0                DMA1_Stream5_IRQHandler
                0x080054f0                PVD_IRQHandler
                0x080054f0                SDIO_IRQHandler
                0x080054f0                TAMP_STAMP_IRQHandler
                0x080054f0                CAN2_RX1_IRQHandler
                0x080054f0                EXTI3_IRQHandler
                0x080054f0                TIM8_TRG_COM_TIM14_IRQHandler
                0x080054f0                TIM1_UP_TIM10_IRQHandler
                0x080054f0                TIM8_UP_TIM13_IRQHandler
                0x080054f0                I2C3_ER_IRQHandler
                0x080054f0                EXTI0_IRQHandler
                0x080054f0                I2C2_EV_IRQHandler
                0x080054f0                DMA1_Stream2_IRQHandler
                0x080054f0                CAN1_RX0_IRQHandler
                0x080054f0                FPU_IRQHandler
                0x080054f0                OTG_HS_WKUP_IRQHandler
                0x080054f0                CAN2_SCE_IRQHandler
                0x080054f0                DMA2_Stream2_IRQHandler
                0x080054f0                SPI1_IRQHandler
                0x080054f0                TIM6_DAC_IRQHandler
                0x080054f0                TIM1_BRK_TIM9_IRQHandler
                0x080054f0                DCMI_IRQHandler
                0x080054f0                CAN2_RX0_IRQHandler
                0x080054f0                DMA2_Stream3_IRQHandler
                0x080054f0                SAI2_IRQHandler
                0x080054f0                USART6_IRQHandler
                0x080054f0                USART3_IRQHandler
                0x080054f0                CAN1_RX1_IRQHandler
                0x080054f0                UART5_IRQHandler
                0x080054f0                DMA2_Stream0_IRQHandler
                0x080054f0                TIM4_IRQHandler
                0x080054f0                QUADSPI_IRQHandler
                0x080054f0                I2C1_EV_IRQHandler
                0x080054f0                DMA1_Stream6_IRQHandler
                0x080054f0                DMA1_Stream1_IRQHandler
                0x080054f0                UART4_IRQHandler
                0x080054f0                TIM3_IRQHandler
                0x080054f0                RCC_IRQHandler
                0x080054f0                TIM8_BRK_TIM12_IRQHandler
                0x080054f0                Default_Handler
                0x080054f0                CEC_IRQHandler
                0x080054f0                EXTI15_10_IRQHandler
                0x080054f0                ADC_IRQHandler
                0x080054f0                DMA1_Stream7_IRQHandler
                0x080054f0                TIM7_IRQHandler
                0x080054f0                CAN2_TX_IRQHandler
                0x080054f0                TIM5_IRQHandler
                0x080054f0                DMA2_Stream7_IRQHandler
                0x080054f0                I2C3_EV_IRQHandler
                0x080054f0                EXTI9_5_IRQHandler
                0x080054f0                RTC_WKUP_IRQHandler
                0x080054f0                SPDIF_RX_IRQHandler
                0x080054f0                SPI2_IRQHandler
                0x080054f0                OTG_HS_EP1_IN_IRQHandler
                0x080054f0                DMA1_Stream0_IRQHandler
                0x080054f0                CAN1_TX_IRQHandler
                0x080054f0                FMPI2C1_ER_IRQHandler
                0x080054f0                EXTI4_IRQHandler
                0x080054f0                OTG_HS_EP1_OUT_IRQHandler
                0x080054f0                WWDG_IRQHandler
                0x080054f0                TIM2_IRQHandler
                0x080054f0                OTG_FS_WKUP_IRQHandler
                0x080054f0                TIM1_TRG_COM_TIM11_IRQHandler
                0x080054f0                OTG_HS_IRQHandler
                0x080054f0                USART2_IRQHandler
                0x080054f0                I2C2_ER_IRQHandler
                0x080054f0                DMA2_Stream1_IRQHandler
                0x080054f0                CAN1_SCE_IRQHandler
                0x080054f0                FLASH_IRQHandler
                0x080054f0                DMA2_Stream4_IRQHandler
                0x080054f0                USART1_IRQHandler
                0x080054f0                OTG_FS_IRQHandler
                0x080054f0                SPI3_IRQHandler
                0x080054f0                DMA1_Stream4_IRQHandler
                0x080054f0                I2C1_ER_IRQHandler
                0x080054f0                FMC_IRQHandler
                0x080054f0                DMA2_Stream6_IRQHandler
                0x080054f0                SAI1_IRQHandler
                0x080054f0                DMA1_Stream3_IRQHandler
 *fill*         0x080054f2        0x2 
 .text.HAL_Init
                0x080054f4       0x44 ./Drivers/STM32F4xx_HAL_Driver/Src/stm32f4xx_hal.o
                0x080054f4                HAL_Init
 .text.HAL_InitTick
                0x08005538       0x60 ./Drivers/STM32F4xx_HAL_Driver/Src/stm32f4xx_hal.o
                0x08005538                HAL_InitTick
 .text.HAL_IncTick
                0x08005598       0x28 ./Drivers/STM32F4xx_HAL_Driver/Src/stm32f4xx_hal.o
                0x08005598                HAL_IncTick
 .text.HAL_GetTick
                0x080055c0       0x18 ./Drivers/STM32F4xx_HAL_Driver/Src/stm32f4xx_hal.o
                0x080055c0                HAL_GetTick
 .text.HAL_Delay
                0x080055d8       0x48 ./Drivers/STM32F4xx_HAL_Driver/Src/stm32f4xx_hal.o
                0x080055d8                HAL_Delay
 .text.HAL_ADC_Init
                0x08005620       0x86 ./Drivers/STM32F4xx_HAL_Driver/Src/stm32f4xx_hal_adc.o
                0x08005620                HAL_ADC_Init
 *fill*         0x080056a6        0x2 
 .text.HAL_ADC_Start
                0x080056a8      0x1a4 ./Drivers/STM32F4xx_HAL_Driver/Src/stm32f4xx_hal_adc.o
                0x080056a8                HAL_ADC_Start
 .text.HAL_ADC_Stop
                0x0800584c       0x66 ./Drivers/STM32F4xx_HAL_Driver/Src/stm32f4xx_hal_adc.o
                0x0800584c                HAL_ADC_Stop
 .text.HAL_ADC_PollForConversion
                0x080058b2      0x116 ./Drivers/STM32F4xx_HAL_Driver/Src/stm32f4xx_hal_adc.o
                0x080058b2                HAL_ADC_PollForConversion
 .text.HAL_ADC_GetValue
                0x080059c8       0x1a ./Drivers/STM32F4xx_HAL_Driver/Src/stm32f4xx_hal_adc.o
                0x080059c8                HAL_ADC_GetValue
 *fill*         0x080059e2        0x2 
 .text.HAL_ADC_ConfigChannel
                0x080059e4      0x264 ./Drivers/STM32F4xx_HAL_Driver/Src/stm32f4xx_hal_adc.o
                0x080059e4                HAL_ADC_ConfigChannel
 .text.ADC_Init
                0x08005c48      0x1f8 ./Drivers/STM32F4xx_HAL_Driver/Src/stm32f4xx_hal_adc.o
 .text.__NVIC_SetPriorityGrouping
                0x08005e40       0x48 ./Drivers/STM32F4xx_HAL_Driver/Src/stm32f4xx_hal_cortex.o
 .text.__NVIC_GetPriorityGrouping
                0x08005e88       0x1c ./Drivers/STM32F4xx_HAL_Driver/Src/stm32f4xx_hal_cortex.o
 .text.__NVIC_EnableIRQ
                0x08005ea4       0x3c ./Drivers/STM32F4xx_HAL_Driver/Src/stm32f4xx_hal_cortex.o
 .text.__NVIC_SetPriority
                0x08005ee0       0x54 ./Drivers/STM32F4xx_HAL_Driver/Src/stm32f4xx_hal_cortex.o
 .text.NVIC_EncodePriority
                0x08005f34       0x66 ./Drivers/STM32F4xx_HAL_Driver/Src/stm32f4xx_hal_cortex.o
 *fill*         0x08005f9a        0x2 
 .text.SysTick_Config
                0x08005f9c       0x44 ./Drivers/STM32F4xx_HAL_Driver/Src/stm32f4xx_hal_cortex.o
 .text.HAL_NVIC_SetPriorityGrouping
                0x08005fe0       0x16 ./Drivers/STM32F4xx_HAL_Driver/Src/stm32f4xx_hal_cortex.o
                0x08005fe0                HAL_NVIC_SetPriorityGrouping
 .text.HAL_NVIC_SetPriority
                0x08005ff6       0x38 ./Drivers/STM32F4xx_HAL_Driver/Src/stm32f4xx_hal_cortex.o
                0x08005ff6                HAL_NVIC_SetPriority
 .text.HAL_NVIC_EnableIRQ
                0x0800602e       0x1c ./Drivers/STM32F4xx_HAL_Driver/Src/stm32f4xx_hal_cortex.o
                0x0800602e                HAL_NVIC_EnableIRQ
 .text.HAL_SYSTICK_Config
                0x0800604a       0x18 ./Drivers/STM32F4xx_HAL_Driver/Src/stm32f4xx_hal_cortex.o
                0x0800604a                HAL_SYSTICK_Config
 *fill*         0x08006062        0x2 
 .text.HAL_GPIO_Init
                0x08006064      0x328 ./Drivers/STM32F4xx_HAL_Driver/Src/stm32f4xx_hal_gpio.o
                0x08006064                HAL_GPIO_Init
 .text.HAL_GPIO_WritePin
                0x0800638c       0x32 ./Drivers/STM32F4xx_HAL_Driver/Src/stm32f4xx_hal_gpio.o
                0x0800638c                HAL_GPIO_WritePin
 *fill*         0x080063be        0x2 
 .text.HAL_GPIO_EXTI_IRQHandler
                0x080063c0       0x30 ./Drivers/STM32F4xx_HAL_Driver/Src/stm32f4xx_hal_gpio.o
                0x080063c0                HAL_GPIO_EXTI_IRQHandler
 .text.HAL_RCC_ClockConfig
                0x080063f0      0x1cc ./Drivers/STM32F4xx_HAL_Driver/Src/stm32f4xx_hal_rcc.o
                0x080063f0                HAL_RCC_ClockConfig
 .text.HAL_RCC_GetHCLKFreq
                0x080065bc       0x18 ./Drivers/STM32F4xx_HAL_Driver/Src/stm32f4xx_hal_rcc.o
                0x080065bc                HAL_RCC_GetHCLKFreq
 .text.HAL_RCC_GetPCLK1Freq
                0x080065d4       0x28 ./Drivers/STM32F4xx_HAL_Driver/Src/stm32f4xx_hal_rcc.o
                0x080065d4                HAL_RCC_GetPCLK1Freq
 .text.HAL_RCC_GetPCLK2Freq
                0x080065fc       0x28 ./Drivers/STM32F4xx_HAL_Driver/Src/stm32f4xx_hal_rcc.o
                0x080065fc                HAL_RCC_GetPCLK2Freq
 .text.HAL_RCC_GetSysClockFreq
                0x08006624      0x460 ./Drivers/STM32F4xx_HAL_Driver/Src/stm32f4xx_hal_rcc_ex.o
                0x08006624                HAL_RCC_GetSysClockFreq
 .text.HAL_RCC_OscConfig
                0x08006a84      0x53c ./Drivers/STM32F4xx_HAL_Driver/Src/stm32f4xx_hal_rcc_ex.o
                0x08006a84                HAL_RCC_OscConfig
 .text.HAL_TIM_Base_Init
                0x08006fc0       0x9e ./Drivers/STM32F4xx_HAL_Driver/Src/stm32f4xx_hal_tim.o
                0x08006fc0                HAL_TIM_Base_Init
 *fill*         0x0800705e        0x2 
 .text.HAL_TIM_Base_Start
                0x08007060       0xd0 ./Drivers/STM32F4xx_HAL_Driver/Src/stm32f4xx_hal_tim.o
                0x08007060                HAL_TIM_Base_Start
 .text.HAL_TIM_ConfigClockSource
                0x08007130      0x18e ./Drivers/STM32F4xx_HAL_Driver/Src/stm32f4xx_hal_tim.o
                0x08007130                HAL_TIM_ConfigClockSource
 *fill*         0x080072be        0x2 
 .text.TIM_Base_SetConfig
                0x080072c0      0x158 ./Drivers/STM32F4xx_HAL_Driver/Src/stm32f4xx_hal_tim.o
                0x080072c0                TIM_Base_SetConfig
 .text.TIM_TI1_ConfigInputStage
                0x08007418       0x5e ./Drivers/STM32F4xx_HAL_Driver/Src/stm32f4xx_hal_tim.o
 .text.TIM_TI2_ConfigInputStage
                0x08007476       0x60 ./Drivers/STM32F4xx_HAL_Driver/Src/stm32f4xx_hal_tim.o
 .text.TIM_ITRx_SetConfig
                0x080074d6       0x36 ./Drivers/STM32F4xx_HAL_Driver/Src/stm32f4xx_hal_tim.o
 .text.TIM_ETR_SetConfig
                0x0800750c       0x40 ./Drivers/STM32F4xx_HAL_Driver/Src/stm32f4xx_hal_tim.o
                0x0800750c                TIM_ETR_SetConfig
 .text.HAL_TIMEx_MasterConfigSynchronization
                0x0800754c       0xf8 ./Drivers/STM32F4xx_HAL_Driver/Src/stm32f4xx_hal_tim_ex.o
                0x0800754c                HAL_TIMEx_MasterConfigSynchronization
 .text.HAL_UART_Init
                0x08007644       0xa0 ./Drivers/STM32F4xx_HAL_Driver/Src/stm32f4xx_hal_uart.o
                0x08007644                HAL_UART_Init
 .text.HAL_UART_Transmit
                0x080076e4      0x116 ./Drivers/STM32F4xx_HAL_Driver/Src/stm32f4xx_hal_uart.o
                0x080076e4                HAL_UART_Transmit
 .text.UART_WaitOnFlagUntilTimeout
                0x080077fa       0xb2 ./Drivers/STM32F4xx_HAL_Driver/Src/stm32f4xx_hal_uart.o
 .text.UART_EndRxTransfer
                0x080078ac       0xc6 ./Drivers/STM32F4xx_HAL_Driver/Src/stm32f4xx_hal_uart.o
 *fill*         0x08007972        0x2 
 .text.UART_SetConfig
                0x08007974      0x4e8 ./Drivers/STM32F4xx_HAL_Driver/Src/stm32f4xx_hal_uart.o
 .text.malloc   0x08007e5c       0x10 C:/ST/STM32CubeIDE_1.16.1/STM32CubeIDE/plugins/com.st.stm32cube.ide.mcu.externaltools.gnu-tools-for-stm32.12.3.rel1.win32_1.0.200.202406191623/tools/bin/../lib/gcc/arm-none-eabi/12.3.1/../../../../arm-none-eabi/lib/thumb/v7e-m+fp/hard\libc_nano.a(libc_a-malloc.o)
                0x08007e5c                malloc
 .text.sbrk_aligned
                0x08007e6c       0x44 C:/ST/STM32CubeIDE_1.16.1/STM32CubeIDE/plugins/com.st.stm32cube.ide.mcu.externaltools.gnu-tools-for-stm32.12.3.rel1.win32_1.0.200.202406191623/tools/bin/../lib/gcc/arm-none-eabi/12.3.1/../../../../arm-none-eabi/lib/thumb/v7e-m+fp/hard\libc_nano.a(libc_a-mallocr.o)
 .text._malloc_r
                0x08007eb0      0x100 C:/ST/STM32CubeIDE_1.16.1/STM32CubeIDE/plugins/com.st.stm32cube.ide.mcu.externaltools.gnu-tools-for-stm32.12.3.rel1.win32_1.0.200.202406191623/tools/bin/../lib/gcc/arm-none-eabi/12.3.1/../../../../arm-none-eabi/lib/thumb/v7e-m+fp/hard\libc_nano.a(libc_a-mallocr.o)
                0x08007eb0                _malloc_r
 .text.__malloc_lock
                0x08007fb0        0xc C:/ST/STM32CubeIDE_1.16.1/STM32CubeIDE/plugins/com.st.stm32cube.ide.mcu.externaltools.gnu-tools-for-stm32.12.3.rel1.win32_1.0.200.202406191623/tools/bin/../lib/gcc/arm-none-eabi/12.3.1/../../../../arm-none-eabi/lib/thumb/v7e-m+fp/hard\libc_nano.a(libc_a-mlock.o)
                0x08007fb0                __malloc_lock
 .text.__malloc_unlock
                0x08007fbc        0xc C:/ST/STM32CubeIDE_1.16.1/STM32CubeIDE/plugins/com.st.stm32cube.ide.mcu.externaltools.gnu-tools-for-stm32.12.3.rel1.win32_1.0.200.202406191623/tools/bin/../lib/gcc/arm-none-eabi/12.3.1/../../../../arm-none-eabi/lib/thumb/v7e-m+fp/hard\libc_nano.a(libc_a-mlock.o)
                0x08007fbc                __malloc_unlock
 .text.memset   0x08007fc8       0x10 C:/ST/STM32CubeIDE_1.16.1/STM32CubeIDE/plugins/com.st.stm32cube.ide.mcu.externaltools.gnu-tools-for-stm32.12.3.rel1.win32_1.0.200.202406191623/tools/bin/../lib/gcc/arm-none-eabi/12.3.1/../../../../arm-none-eabi/lib/thumb/v7e-m+fp/hard\libc_nano.a(libc_a-memset.o)
                0x08007fc8                memset
 .text._sbrk_r  0x08007fd8       0x20 C:/ST/STM32CubeIDE_1.16.1/STM32CubeIDE/plugins/com.st.stm32cube.ide.mcu.externaltools.gnu-tools-for-stm32.12.3.rel1.win32_1.0.200.202406191623/tools/bin/../lib/gcc/arm-none-eabi/12.3.1/../../../../arm-none-eabi/lib/thumb/v7e-m+fp/hard\libc_nano.a(libc_a-sbrkr.o)
                0x08007fd8                _sbrk_r
 .text.__errno  0x08007ff8        0xc C:/ST/STM32CubeIDE_1.16.1/STM32CubeIDE/plugins/com.st.stm32cube.ide.mcu.externaltools.gnu-tools-for-stm32.12.3.rel1.win32_1.0.200.202406191623/tools/bin/../lib/gcc/arm-none-eabi/12.3.1/../../../../arm-none-eabi/lib/thumb/v7e-m+fp/hard\libc_nano.a(libc_a-errno.o)
                0x08007ff8                __errno
 .text.__libc_init_array
                0x08008004       0x48 C:/ST/STM32CubeIDE_1.16.1/STM32CubeIDE/plugins/com.st.stm32cube.ide.mcu.externaltools.gnu-tools-for-stm32.12.3.rel1.win32_1.0.200.202406191623/tools/bin/../lib/gcc/arm-none-eabi/12.3.1/../../../../arm-none-eabi/lib/thumb/v7e-m+fp/hard\libc_nano.a(libc_a-init.o)
                0x08008004                __libc_init_array
 .text.__retarget_lock_acquire_recursive
                0x0800804c        0x2 C:/ST/STM32CubeIDE_1.16.1/STM32CubeIDE/plugins/com.st.stm32cube.ide.mcu.externaltools.gnu-tools-for-stm32.12.3.rel1.win32_1.0.200.202406191623/tools/bin/../lib/gcc/arm-none-eabi/12.3.1/../../../../arm-none-eabi/lib/thumb/v7e-m+fp/hard\libc_nano.a(libc_a-lock.o)
                0x0800804c                __retarget_lock_acquire_recursive
 .text.__retarget_lock_release_recursive
                0x0800804e        0x2 C:/ST/STM32CubeIDE_1.16.1/STM32CubeIDE/plugins/com.st.stm32cube.ide.mcu.externaltools.gnu-tools-for-stm32.12.3.rel1.win32_1.0.200.202406191623/tools/bin/../lib/gcc/arm-none-eabi/12.3.1/../../../../arm-none-eabi/lib/thumb/v7e-m+fp/hard\libc_nano.a(libc_a-lock.o)
                0x0800804e                __retarget_lock_release_recursive
 *(.glue_7)
 .glue_7        0x08008050        0x0 linker stubs
 *(.glue_7t)
 .glue_7t       0x08008050        0x0 linker stubs
 *(.eh_frame)
 .eh_frame      0x08008050        0x0 C:/ST/STM32CubeIDE_1.16.1/STM32CubeIDE/plugins/com.st.stm32cube.ide.mcu.externaltools.gnu-tools-for-stm32.12.3.rel1.win32_1.0.200.202406191623/tools/bin/../lib/gcc/arm-none-eabi/12.3.1/thumb/v7e-m+fp/hard/crtbegin.o
 *(.init)
 .init          0x08008050        0x4 C:/ST/STM32CubeIDE_1.16.1/STM32CubeIDE/plugins/com.st.stm32cube.ide.mcu.externaltools.gnu-tools-for-stm32.12.3.rel1.win32_1.0.200.202406191623/tools/bin/../lib/gcc/arm-none-eabi/12.3.1/thumb/v7e-m+fp/hard/crti.o
                0x08008050                _init
 .init          0x08008054        0x8 C:/ST/STM32CubeIDE_1.16.1/STM32CubeIDE/plugins/com.st.stm32cube.ide.mcu.externaltools.gnu-tools-for-stm32.12.3.rel1.win32_1.0.200.202406191623/tools/bin/../lib/gcc/arm-none-eabi/12.3.1/thumb/v7e-m+fp/hard/crtn.o
 *(.fini)
 .fini          0x0800805c        0x4 C:/ST/STM32CubeIDE_1.16.1/STM32CubeIDE/plugins/com.st.stm32cube.ide.mcu.externaltools.gnu-tools-for-stm32.12.3.rel1.win32_1.0.200.202406191623/tools/bin/../lib/gcc/arm-none-eabi/12.3.1/thumb/v7e-m+fp/hard/crti.o
                0x0800805c                _fini
 .fini          0x08008060        0x8 C:/ST/STM32CubeIDE_1.16.1/STM32CubeIDE/plugins/com.st.stm32cube.ide.mcu.externaltools.gnu-tools-for-stm32.12.3.rel1.win32_1.0.200.202406191623/tools/bin/../lib/gcc/arm-none-eabi/12.3.1/thumb/v7e-m+fp/hard/crtn.o
                0x08008068                        . = ALIGN (0x4)
                0x08008068                        _etext = .

.vfp11_veneer   0x08008068        0x0
 .vfp11_veneer  0x08008068        0x0 linker stubs

.v4_bx          0x08008068        0x0
 .v4_bx         0x08008068        0x0 linker stubs

.iplt           0x08008068        0x0
 .iplt          0x08008068        0x0 C:/ST/STM32CubeIDE_1.16.1/STM32CubeIDE/plugins/com.st.stm32cube.ide.mcu.externaltools.gnu-tools-for-stm32.12.3.rel1.win32_1.0.200.202406191623/tools/bin/../lib/gcc/arm-none-eabi/12.3.1/thumb/v7e-m+fp/hard/crtbegin.o

.rodata         0x08008068    0x4b534
                0x08008068                        . = ALIGN (0x4)
 *(.rodata)
 .rodata        0x08008068       0x13 ./Core/Src/main.o
 *fill*         0x0800807b        0x1 
 .rodata        0x0800807c        0x3 ./Core/Src/tft.o
 *(.rodata*)
 *fill*         0x0800807f        0x1 
 .rodata.Duck   0x08008080    0x25800 ./Core/Src/Duck.o
                0x08008080                Duck
 .rodata.Target
                0x0802d880    0x25800 ./Core/Src/Target.o
                0x0802d880                Target
 .rodata.AHBPrescTable
                0x08053080       0x10 ./Core/Src/system_stm32f4xx.o
                0x08053080                AHBPrescTable
 .rodata.APBPrescTable
                0x08053090        0x8 ./Core/Src/system_stm32f4xx.o
                0x08053090                APBPrescTable
 .rodata.R61511_regValues.27
                0x08053098        0x3 ./Core/Src/tft.o
 *fill*         0x0805309b        0x1 
 .rodata.R61520_regValues.26
                0x0805309c        0x6 ./Core/Src/tft.o
 *fill*         0x080530a2        0x2 
 .rodata.R61526_regValues.25
                0x080530a4        0xc ./Core/Src/tft.o
 .rodata.NT35310_regValues.24
                0x080530b0        0x2 ./Core/Src/tft.o
 *fill*         0x080530b2        0x2 
 .rodata.ST7789_regValues.23
                0x080530b4       0x41 ./Core/Src/tft.o
 *fill*         0x080530f5        0x3 
 .rodata.FK8031_regValues.22
                0x080530f8       0x12 ./Core/Src/tft.o
 *fill*         0x0805310a        0x2 
 .rodata.HX8357C_regValues.21
                0x0805310c        0x2 ./Core/Src/tft.o
 *fill*         0x0805310e        0x2 
 .rodata.HX8357_99_regValues.20
                0x08053110       0x1d ./Core/Src/tft.o
 *fill*         0x0805312d        0x3 
 .rodata.ILI9320_regValues.19
                0x08053130       0xd8 ./Core/Src/tft.o
 .rodata.ILI9325_regValues.18
                0x08053208       0xcc ./Core/Src/tft.o
 .rodata.ILI9327_regValues.17
                0x080532d4       0x1e ./Core/Src/tft.o
 *fill*         0x080532f2        0x2 
 .rodata.XX1602_regValues.16
                0x080532f4        0x6 ./Core/Src/tft.o
 *fill*         0x080532fa        0x2 
 .rodata.ILI9329_regValues.15
                0x080532fc        0x3 ./Core/Src/tft.o
 *fill*         0x080532ff        0x1 
 .rodata.ILI9341_regValues_2_4.14
                0x08053300       0x65 ./Core/Src/tft.o
 *fill*         0x08053365        0x3 
 .rodata.ILI9481_regValues.13
                0x08053368       0x45 ./Core/Src/tft.o
 *fill*         0x080533ad        0x3 
 .rodata.ILI9486_regValues.12
                0x080533b0       0x3b ./Core/Src/tft.o
 *fill*         0x080533eb        0x1 
 .rodata.ILI9488_regValues_max.11
                0x080533ec       0x2b ./Core/Src/tft.o
 *fill*         0x08053417        0x1 
 .rodata.R61505V_regValues.10
                0x08053418       0xb0 ./Core/Src/tft.o
 .rodata.R61509V_regValues.9
                0x080534c8       0xc0 ./Core/Src/tft.o
 .rodata.reset_off.8
                0x08053588        0x9 ./Core/Src/tft.o
 *fill*         0x08053591        0x3 
 .rodata.wake_on.7
                0x08053594        0x6 ./Core/Src/tft.o
                0x0805359c                        . = ALIGN (0x4)
 *fill*         0x0805359a        0x2 

.ARM.extab      0x0805359c        0x0
                0x0805359c                        . = ALIGN (0x4)
 *(.ARM.extab* .gnu.linkonce.armextab.*)
                0x0805359c                        . = ALIGN (0x4)

.ARM            0x0805359c        0x8
                0x0805359c                        . = ALIGN (0x4)
                0x0805359c                        __exidx_start = .
 *(.ARM.exidx*)
 .ARM.exidx     0x0805359c        0x8 C:/ST/STM32CubeIDE_1.16.1/STM32CubeIDE/plugins/com.st.stm32cube.ide.mcu.externaltools.gnu-tools-for-stm32.12.3.rel1.win32_1.0.200.202406191623/tools/bin/../lib/gcc/arm-none-eabi/12.3.1/thumb/v7e-m+fp/hard\libgcc.a(_udivmoddi4.o)
                0x080535a4                        __exidx_end = .
                0x080535a4                        . = ALIGN (0x4)

.preinit_array  0x080535a4        0x0
                0x080535a4                        . = ALIGN (0x4)
                0x080535a4                        PROVIDE (__preinit_array_start = .)
 *(.preinit_array*)
                0x080535a4                        PROVIDE (__preinit_array_end = .)
                0x080535a4                        . = ALIGN (0x4)

.init_array     0x080535a4        0x4
                0x080535a4                        . = ALIGN (0x4)
                0x080535a4                        PROVIDE (__init_array_start = .)
 *(SORT_BY_NAME(.init_array.*))
 *(.init_array*)
 .init_array    0x080535a4        0x4 C:/ST/STM32CubeIDE_1.16.1/STM32CubeIDE/plugins/com.st.stm32cube.ide.mcu.externaltools.gnu-tools-for-stm32.12.3.rel1.win32_1.0.200.202406191623/tools/bin/../lib/gcc/arm-none-eabi/12.3.1/thumb/v7e-m+fp/hard/crtbegin.o
                0x080535a8                        PROVIDE (__init_array_end = .)
                0x080535a8                        . = ALIGN (0x4)

.fini_array     0x080535a8        0x4
                0x080535a8                        . = ALIGN (0x4)
                [!provide]                        PROVIDE (__fini_array_start = .)
 *(SORT_BY_NAME(.fini_array.*))
 *(.fini_array*)
 .fini_array    0x080535a8        0x4 C:/ST/STM32CubeIDE_1.16.1/STM32CubeIDE/plugins/com.st.stm32cube.ide.mcu.externaltools.gnu-tools-for-stm32.12.3.rel1.win32_1.0.200.202406191623/tools/bin/../lib/gcc/arm-none-eabi/12.3.1/thumb/v7e-m+fp/hard/crtbegin.o
                [!provide]                        PROVIDE (__fini_array_end = .)
                0x080535ac                        . = ALIGN (0x4)
                0x080535ac                        _sidata = LOADADDR (.data)

.rel.dyn        0x080535ac        0x0
 .rel.iplt      0x080535ac        0x0 C:/ST/STM32CubeIDE_1.16.1/STM32CubeIDE/plugins/com.st.stm32cube.ide.mcu.externaltools.gnu-tools-for-stm32.12.3.rel1.win32_1.0.200.202406191623/tools/bin/../lib/gcc/arm-none-eabi/12.3.1/thumb/v7e-m+fp/hard/crtbegin.o

.data           0x20000000       0x68 load address 0x080535ac
                0x20000000                        . = ALIGN (0x4)
                0x20000000                        _sdata = .
 *(.data)
 *(.data*)
 .data.x_pixel_min
                0x20000000        0x4 ./Core/Src/main.o
                0x20000000                x_pixel_min
 .data.y_pixel_min
                0x20000004        0x4 ./Core/Src/main.o
                0x20000004                y_pixel_min
 .data.SystemCoreClock
                0x20000008        0x4 ./Core/Src/system_stm32f4xx.o
                0x20000008                SystemCoreClock
 .data._width   0x2000000c        0x2 ./Core/Src/tft.o
                0x2000000c                _width
 .data._height  0x2000000e        0x2 ./Core/Src/tft.o
                0x2000000e                _height
 .data.uwTickPrio
                0x20000010        0x4 ./Drivers/STM32F4xx_HAL_Driver/Src/stm32f4xx_hal.o
                0x20000010                uwTickPrio
 .data.uwTickFreq
                0x20000014        0x1 ./Drivers/STM32F4xx_HAL_Driver/Src/stm32f4xx_hal.o
                0x20000014                uwTickFreq
 *fill*         0x20000015        0x3 
 .data._impure_ptr
                0x20000018        0x4 C:/ST/STM32CubeIDE_1.16.1/STM32CubeIDE/plugins/com.st.stm32cube.ide.mcu.externaltools.gnu-tools-for-stm32.12.3.rel1.win32_1.0.200.202406191623/tools/bin/../lib/gcc/arm-none-eabi/12.3.1/../../../../arm-none-eabi/lib/thumb/v7e-m+fp/hard\libc_nano.a(libc_a-impure.o)
                0x20000018                _impure_ptr
 .data._impure_data
                0x2000001c       0x4c C:/ST/STM32CubeIDE_1.16.1/STM32CubeIDE/plugins/com.st.stm32cube.ide.mcu.externaltools.gnu-tools-for-stm32.12.3.rel1.win32_1.0.200.202406191623/tools/bin/../lib/gcc/arm-none-eabi/12.3.1/../../../../arm-none-eabi/lib/thumb/v7e-m+fp/hard\libc_nano.a(libc_a-impure.o)
                0x2000001c                _impure_data
 *(.RamFunc)
 *(.RamFunc*)
                0x20000068                        . = ALIGN (0x4)
                0x20000068                        _edata = .

.igot.plt       0x20000068        0x0 load address 0x08053614
 .igot.plt      0x20000068        0x0 C:/ST/STM32CubeIDE_1.16.1/STM32CubeIDE/plugins/com.st.stm32cube.ide.mcu.externaltools.gnu-tools-for-stm32.12.3.rel1.win32_1.0.200.202406191623/tools/bin/../lib/gcc/arm-none-eabi/12.3.1/thumb/v7e-m+fp/hard/crtbegin.o
                0x20000068                        . = ALIGN (0x4)

.bss            0x20000068      0x2d8 load address 0x08053614
                0x20000068                        _sbss = .
                0x20000068                        __bss_start__ = _sbss
 *(.bss)
 .bss           0x20000068       0x1c C:/ST/STM32CubeIDE_1.16.1/STM32CubeIDE/plugins/com.st.stm32cube.ide.mcu.externaltools.gnu-tools-for-stm32.12.3.rel1.win32_1.0.200.202406191623/tools/bin/../lib/gcc/arm-none-eabi/12.3.1/thumb/v7e-m+fp/hard/crtbegin.o
 *(.bss*)
 .bss.ID        0x20000084        0x2 ./Core/Src/main.o
                0x20000084                ID
 *fill*         0x20000086        0x2 
 .bss.hadc1     0x20000088       0x48 ./Core/Src/main.o
                0x20000088                hadc1
 .bss.hadc2     0x200000d0       0x48 ./Core/Src/main.o
                0x200000d0                hadc2
 .bss.htim1     0x20000118       0x48 ./Core/Src/main.o
                0x20000118                htim1
 .bss.huart2    0x20000160       0x48 ./Core/Src/main.o
                0x20000160                huart2
 .bss.i         0x200001a8        0x4 ./Core/Src/main.o
                0x200001a8                i
 .bss.cad_ch    0x200001ac        0x1 ./Core/Src/main.o
                0x200001ac                cad_ch
 .bss.cad       0x200001ad        0x1 ./Core/Src/main.o
                0x200001ad                cad
 .bss.cad_x     0x200001ae        0x1 ./Core/Src/main.o
                0x200001ae                cad_x
 .bss.cad_y     0x200001af        0x1 ./Core/Src/main.o
                0x200001af                cad_y
 .bss.shot      0x200001b0        0x1 ./Core/Src/main.o
                0x200001b0                shot
 *fill*         0x200001b1        0x3 
 .bss.n_Object  0x200001b4        0x4 ./Core/Src/main.o
                0x200001b4                n_Object
 .bss.x_pixel_max
                0x200001b8        0x4 ./Core/Src/main.o
                0x200001b8                x_pixel_max
 .bss.y_pixel_max
                0x200001bc        0x4 ./Core/Src/main.o
                0x200001bc                y_pixel_max
 .bss.cx_pixel  0x200001c0        0x4 ./Core/Src/main.o
                0x200001c0                cx_pixel
 .bss.cy_pixel  0x200001c4        0x4 ./Core/Src/main.o
                0x200001c4                cy_pixel
 .bss.shift_x   0x200001c8        0x4 ./Core/Src/main.o
                0x200001c8                shift_x
 .bss.shift_y   0x200001cc        0x4 ./Core/Src/main.o
                0x200001cc                shift_y
 .bss.__sbrk_heap_end
                0x200001d0        0x4 ./Core/Src/sysmem.o
 .bss.done_reset
                0x200001d4        0x1 ./Core/Src/tft.o
 .bss.is8347    0x200001d5        0x1 ./Core/Src/tft.o
 .bss.is555     0x200001d6        0x1 ./Core/Src/tft.o
 .bss.is9797    0x200001d7        0x1 ./Core/Src/tft.o
 .bss.rotation  0x200001d8        0x1 ./Core/Src/tft.o
                0x200001d8                rotation
 *fill*         0x200001d9        0x1 
 .bss._lcd_xor  0x200001da        0x2 ./Core/Src/tft.o
                0x200001da                _lcd_xor
 .bss._lcd_capable
                0x200001dc        0x2 ./Core/Src/tft.o
                0x200001dc                _lcd_capable
 .bss._lcd_ID   0x200001de        0x2 ./Core/Src/tft.o
                0x200001de                _lcd_ID
 .bss._lcd_rev  0x200001e0        0x2 ./Core/Src/tft.o
                0x200001e0                _lcd_rev
 .bss._lcd_madctl
                0x200001e2        0x2 ./Core/Src/tft.o
                0x200001e2                _lcd_madctl
 .bss._MC       0x200001e4        0x2 ./Core/Src/tft.o
                0x200001e4                _MC
 .bss._MP       0x200001e6        0x2 ./Core/Src/tft.o
                0x200001e6                _MP
 .bss._MW       0x200001e8        0x2 ./Core/Src/tft.o
                0x200001e8                _MW
 .bss._SC       0x200001ea        0x2 ./Core/Src/tft.o
                0x200001ea                _SC
 .bss._EC       0x200001ec        0x2 ./Core/Src/tft.o
                0x200001ec                _EC
 .bss._SP       0x200001ee        0x2 ./Core/Src/tft.o
                0x200001ee                _SP
 .bss._EP       0x200001f0        0x2 ./Core/Src/tft.o
                0x200001f0                _EP
 *fill*         0x200001f2        0x2 
 .bss.uwTick    0x200001f4        0x4 ./Drivers/STM32F4xx_HAL_Driver/Src/stm32f4xx_hal.o
                0x200001f4                uwTick
 .bss.__malloc_sbrk_start
                0x200001f8        0x4 C:/ST/STM32CubeIDE_1.16.1/STM32CubeIDE/plugins/com.st.stm32cube.ide.mcu.externaltools.gnu-tools-for-stm32.12.3.rel1.win32_1.0.200.202406191623/tools/bin/../lib/gcc/arm-none-eabi/12.3.1/../../../../arm-none-eabi/lib/thumb/v7e-m+fp/hard\libc_nano.a(libc_a-mallocr.o)
                0x200001f8                __malloc_sbrk_start
 .bss.__malloc_free_list
                0x200001fc        0x4 C:/ST/STM32CubeIDE_1.16.1/STM32CubeIDE/plugins/com.st.stm32cube.ide.mcu.externaltools.gnu-tools-for-stm32.12.3.rel1.win32_1.0.200.202406191623/tools/bin/../lib/gcc/arm-none-eabi/12.3.1/../../../../arm-none-eabi/lib/thumb/v7e-m+fp/hard\libc_nano.a(libc_a-mallocr.o)
                0x200001fc                __malloc_free_list
 .bss.__sf      0x20000200      0x138 C:/ST/STM32CubeIDE_1.16.1/STM32CubeIDE/plugins/com.st.stm32cube.ide.mcu.externaltools.gnu-tools-for-stm32.12.3.rel1.win32_1.0.200.202406191623/tools/bin/../lib/gcc/arm-none-eabi/12.3.1/../../../../arm-none-eabi/lib/thumb/v7e-m+fp/hard\libc_nano.a(libc_a-findfp.o)
                0x20000200                __sf
 .bss.errno     0x20000338        0x4 C:/ST/STM32CubeIDE_1.16.1/STM32CubeIDE/plugins/com.st.stm32cube.ide.mcu.externaltools.gnu-tools-for-stm32.12.3.rel1.win32_1.0.200.202406191623/tools/bin/../lib/gcc/arm-none-eabi/12.3.1/../../../../arm-none-eabi/lib/thumb/v7e-m+fp/hard\libc_nano.a(libc_a-reent.o)
                0x20000338                errno
 .bss.__lock___malloc_recursive_mutex
                0x2000033c        0x1 C:/ST/STM32CubeIDE_1.16.1/STM32CubeIDE/plugins/com.st.stm32cube.ide.mcu.externaltools.gnu-tools-for-stm32.12.3.rel1.win32_1.0.200.202406191623/tools/bin/../lib/gcc/arm-none-eabi/12.3.1/../../../../arm-none-eabi/lib/thumb/v7e-m+fp/hard\libc_nano.a(libc_a-lock.o)
                0x2000033c                __lock___malloc_recursive_mutex
 *(COMMON)
                0x20000340                        . = ALIGN (0x4)
 *fill*         0x2000033d        0x3 
                0x20000340                        _ebss = .
                0x20000340                        __bss_end__ = _ebss

._user_heap_stack
                0x20000340      0x600 load address 0x08053614
                0x20000340                        . = ALIGN (0x8)
                [!provide]                        PROVIDE (end = .)
                0x20000340                        PROVIDE (_end = .)
                0x20000540                        . = (. + _Min_Heap_Size)
 *fill*         0x20000340      0x200 
                0x20000940                        . = (. + _Min_Stack_Size)
 *fill*         0x20000540      0x400 
                0x20000940                        . = ALIGN (0x8)

/DISCARD/
 libc.a(*)
 libm.a(*)
 libgcc.a(*)

.ARM.attributes
                0x00000000       0x30
 *(.ARM.attributes)
 .ARM.attributes
                0x00000000       0x22 C:/ST/STM32CubeIDE_1.16.1/STM32CubeIDE/plugins/com.st.stm32cube.ide.mcu.externaltools.gnu-tools-for-stm32.12.3.rel1.win32_1.0.200.202406191623/tools/bin/../lib/gcc/arm-none-eabi/12.3.1/thumb/v7e-m+fp/hard/crti.o
 .ARM.attributes
                0x00000022       0x34 C:/ST/STM32CubeIDE_1.16.1/STM32CubeIDE/plugins/com.st.stm32cube.ide.mcu.externaltools.gnu-tools-for-stm32.12.3.rel1.win32_1.0.200.202406191623/tools/bin/../lib/gcc/arm-none-eabi/12.3.1/thumb/v7e-m+fp/hard/crtbegin.o
 .ARM.attributes
                0x00000056       0x34 ./Core/Src/Duck.o
 .ARM.attributes
                0x0000008a       0x34 ./Core/Src/Target.o
 .ARM.attributes
                0x000000be       0x34 ./Core/Src/main.o
 .ARM.attributes
                0x000000f2       0x34 ./Core/Src/stm32f4xx_hal_msp.o
 .ARM.attributes
                0x00000126       0x34 ./Core/Src/stm32f4xx_it.o
 .ARM.attributes
                0x0000015a       0x34 ./Core/Src/sysmem.o
 .ARM.attributes
                0x0000018e       0x34 ./Core/Src/system_stm32f4xx.o
 .ARM.attributes
                0x000001c2       0x34 ./Core/Src/tft.o
 .ARM.attributes
                0x000001f6       0x21 ./Core/Startup/startup_stm32f446retx.o
 .ARM.attributes
                0x00000217       0x34 ./Drivers/STM32F4xx_HAL_Driver/Src/stm32f4xx_hal.o
 .ARM.attributes
                0x0000024b       0x34 ./Drivers/STM32F4xx_HAL_Driver/Src/stm32f4xx_hal_adc.o
 .ARM.attributes
                0x0000027f       0x34 ./Drivers/STM32F4xx_HAL_Driver/Src/stm32f4xx_hal_cortex.o
 .ARM.attributes
                0x000002b3       0x34 ./Drivers/STM32F4xx_HAL_Driver/Src/stm32f4xx_hal_gpio.o
 .ARM.attributes
                0x000002e7       0x34 ./Drivers/STM32F4xx_HAL_Driver/Src/stm32f4xx_hal_rcc.o
 .ARM.attributes
                0x0000031b       0x34 ./Drivers/STM32F4xx_HAL_Driver/Src/stm32f4xx_hal_rcc_ex.o
 .ARM.attributes
                0x0000034f       0x34 ./Drivers/STM32F4xx_HAL_Driver/Src/stm32f4xx_hal_tim.o
 .ARM.attributes
                0x00000383       0x34 ./Drivers/STM32F4xx_HAL_Driver/Src/stm32f4xx_hal_tim_ex.o
 .ARM.attributes
                0x000003b7       0x34 ./Drivers/STM32F4xx_HAL_Driver/Src/stm32f4xx_hal_uart.o
 .ARM.attributes
                0x000003eb       0x34 C:/ST/STM32CubeIDE_1.16.1/STM32CubeIDE/plugins/com.st.stm32cube.ide.mcu.externaltools.gnu-tools-for-stm32.12.3.rel1.win32_1.0.200.202406191623/tools/bin/../lib/gcc/arm-none-eabi/12.3.1/../../../../arm-none-eabi/lib/thumb/v7e-m+fp/hard\libc_nano.a(libc_a-malloc.o)
 .ARM.attributes
                0x0000041f       0x34 C:/ST/STM32CubeIDE_1.16.1/STM32CubeIDE/plugins/com.st.stm32cube.ide.mcu.externaltools.gnu-tools-for-stm32.12.3.rel1.win32_1.0.200.202406191623/tools/bin/../lib/gcc/arm-none-eabi/12.3.1/../../../../arm-none-eabi/lib/thumb/v7e-m+fp/hard\libc_nano.a(libc_a-mallocr.o)
 .ARM.attributes
                0x00000453       0x34 C:/ST/STM32CubeIDE_1.16.1/STM32CubeIDE/plugins/com.st.stm32cube.ide.mcu.externaltools.gnu-tools-for-stm32.12.3.rel1.win32_1.0.200.202406191623/tools/bin/../lib/gcc/arm-none-eabi/12.3.1/../../../../arm-none-eabi/lib/thumb/v7e-m+fp/hard\libc_nano.a(libc_a-mlock.o)
 .ARM.attributes
                0x00000487       0x34 C:/ST/STM32CubeIDE_1.16.1/STM32CubeIDE/plugins/com.st.stm32cube.ide.mcu.externaltools.gnu-tools-for-stm32.12.3.rel1.win32_1.0.200.202406191623/tools/bin/../lib/gcc/arm-none-eabi/12.3.1/../../../../arm-none-eabi/lib/thumb/v7e-m+fp/hard\libc_nano.a(libc_a-findfp.o)
 .ARM.attributes
                0x000004bb       0x34 C:/ST/STM32CubeIDE_1.16.1/STM32CubeIDE/plugins/com.st.stm32cube.ide.mcu.externaltools.gnu-tools-for-stm32.12.3.rel1.win32_1.0.200.202406191623/tools/bin/../lib/gcc/arm-none-eabi/12.3.1/../../../../arm-none-eabi/lib/thumb/v7e-m+fp/hard\libc_nano.a(libc_a-memset.o)
 .ARM.attributes
                0x000004ef       0x34 C:/ST/STM32CubeIDE_1.16.1/STM32CubeIDE/plugins/com.st.stm32cube.ide.mcu.externaltools.gnu-tools-for-stm32.12.3.rel1.win32_1.0.200.202406191623/tools/bin/../lib/gcc/arm-none-eabi/12.3.1/../../../../arm-none-eabi/lib/thumb/v7e-m+fp/hard\libc_nano.a(libc_a-reent.o)
 .ARM.attributes
                0x00000523       0x34 C:/ST/STM32CubeIDE_1.16.1/STM32CubeIDE/plugins/com.st.stm32cube.ide.mcu.externaltools.gnu-tools-for-stm32.12.3.rel1.win32_1.0.200.202406191623/tools/bin/../lib/gcc/arm-none-eabi/12.3.1/../../../../arm-none-eabi/lib/thumb/v7e-m+fp/hard\libc_nano.a(libc_a-impure.o)
 .ARM.attributes
                0x00000557       0x34 C:/ST/STM32CubeIDE_1.16.1/STM32CubeIDE/plugins/com.st.stm32cube.ide.mcu.externaltools.gnu-tools-for-stm32.12.3.rel1.win32_1.0.200.202406191623/tools/bin/../lib/gcc/arm-none-eabi/12.3.1/../../../../arm-none-eabi/lib/thumb/v7e-m+fp/hard\libc_nano.a(libc_a-sbrkr.o)
 .ARM.attributes
                0x0000058b       0x34 C:/ST/STM32CubeIDE_1.16.1/STM32CubeIDE/plugins/com.st.stm32cube.ide.mcu.externaltools.gnu-tools-for-stm32.12.3.rel1.win32_1.0.200.202406191623/tools/bin/../lib/gcc/arm-none-eabi/12.3.1/../../../../arm-none-eabi/lib/thumb/v7e-m+fp/hard\libc_nano.a(libc_a-errno.o)
 .ARM.attributes
                0x000005bf       0x34 C:/ST/STM32CubeIDE_1.16.1/STM32CubeIDE/plugins/com.st.stm32cube.ide.mcu.externaltools.gnu-tools-for-stm32.12.3.rel1.win32_1.0.200.202406191623/tools/bin/../lib/gcc/arm-none-eabi/12.3.1/../../../../arm-none-eabi/lib/thumb/v7e-m+fp/hard\libc_nano.a(libc_a-init.o)
 .ARM.attributes
                0x000005f3       0x34 C:/ST/STM32CubeIDE_1.16.1/STM32CubeIDE/plugins/com.st.stm32cube.ide.mcu.externaltools.gnu-tools-for-stm32.12.3.rel1.win32_1.0.200.202406191623/tools/bin/../lib/gcc/arm-none-eabi/12.3.1/../../../../arm-none-eabi/lib/thumb/v7e-m+fp/hard\libc_nano.a(libc_a-lock.o)
 .ARM.attributes
                0x00000627       0x22 C:/ST/STM32CubeIDE_1.16.1/STM32CubeIDE/plugins/com.st.stm32cube.ide.mcu.externaltools.gnu-tools-for-stm32.12.3.rel1.win32_1.0.200.202406191623/tools/bin/../lib/gcc/arm-none-eabi/12.3.1/thumb/v7e-m+fp/hard\libgcc.a(_aeabi_uldivmod.o)
 .ARM.attributes
                0x00000649       0x34 C:/ST/STM32CubeIDE_1.16.1/STM32CubeIDE/plugins/com.st.stm32cube.ide.mcu.externaltools.gnu-tools-for-stm32.12.3.rel1.win32_1.0.200.202406191623/tools/bin/../lib/gcc/arm-none-eabi/12.3.1/thumb/v7e-m+fp/hard\libgcc.a(_udivmoddi4.o)
 .ARM.attributes
                0x0000067d       0x22 C:/ST/STM32CubeIDE_1.16.1/STM32CubeIDE/plugins/com.st.stm32cube.ide.mcu.externaltools.gnu-tools-for-stm32.12.3.rel1.win32_1.0.200.202406191623/tools/bin/../lib/gcc/arm-none-eabi/12.3.1/thumb/v7e-m+fp/hard\libgcc.a(_dvmd_tls.o)
 .ARM.attributes
                0x0000069f       0x22 C:/ST/STM32CubeIDE_1.16.1/STM32CubeIDE/plugins/com.st.stm32cube.ide.mcu.externaltools.gnu-tools-for-stm32.12.3.rel1.win32_1.0.200.202406191623/tools/bin/../lib/gcc/arm-none-eabi/12.3.1/thumb/v7e-m+fp/hard/crtn.o
OUTPUT(2025_02_19-TFT_Duck_Hunt.elf elf32-littlearm)
LOAD linker stubs
LOAD C:/ST/STM32CubeIDE_1.16.1/STM32CubeIDE/plugins/com.st.stm32cube.ide.mcu.externaltools.gnu-tools-for-stm32.12.3.rel1.win32_1.0.200.202406191623/tools/bin/../lib/gcc/arm-none-eabi/12.3.1/../../../../arm-none-eabi/lib/thumb/v7e-m+fp/hard\libc.a
LOAD C:/ST/STM32CubeIDE_1.16.1/STM32CubeIDE/plugins/com.st.stm32cube.ide.mcu.externaltools.gnu-tools-for-stm32.12.3.rel1.win32_1.0.200.202406191623/tools/bin/../lib/gcc/arm-none-eabi/12.3.1/../../../../arm-none-eabi/lib/thumb/v7e-m+fp/hard\libm.a
LOAD C:/ST/STM32CubeIDE_1.16.1/STM32CubeIDE/plugins/com.st.stm32cube.ide.mcu.externaltools.gnu-tools-for-stm32.12.3.rel1.win32_1.0.200.202406191623/tools/bin/../lib/gcc/arm-none-eabi/12.3.1/thumb/v7e-m+fp/hard\libgcc.a

.debug_info     0x00000000    0x11547
 .debug_info    0x00000000       0x5e ./Core/Src/Duck.o
 .debug_info    0x0000005e       0x5e ./Core/Src/Target.o
 .debug_info    0x000000bc     0x1aa6 ./Core/Src/main.o
 .debug_info    0x00001b62     0x102c ./Core/Src/stm32f4xx_hal_msp.o
 .debug_info    0x00002b8e      0x14a ./Core/Src/stm32f4xx_it.o
 .debug_info    0x00002cd8      0x168 ./Core/Src/sysmem.o
 .debug_info    0x00002e40      0x54a ./Core/Src/system_stm32f4xx.o
 .debug_info    0x0000338a     0x3662 ./Core/Src/tft.o
 .debug_info    0x000069ec       0x30 ./Core/Startup/startup_stm32f446retx.o
 .debug_info    0x00006a1c      0x99a ./Drivers/STM32F4xx_HAL_Driver/Src/stm32f4xx_hal.o
 .debug_info    0x000073b6      0xcd4 ./Drivers/STM32F4xx_HAL_Driver/Src/stm32f4xx_hal_adc.o
 .debug_info    0x0000808a      0xdaa ./Drivers/STM32F4xx_HAL_Driver/Src/stm32f4xx_hal_cortex.o
 .debug_info    0x00008e34      0x70b ./Drivers/STM32F4xx_HAL_Driver/Src/stm32f4xx_hal_gpio.o
 .debug_info    0x0000953f      0x8eb ./Drivers/STM32F4xx_HAL_Driver/Src/stm32f4xx_hal_rcc.o
 .debug_info    0x00009e2a      0x956 ./Drivers/STM32F4xx_HAL_Driver/Src/stm32f4xx_hal_rcc_ex.o
 .debug_info    0x0000a780     0x299d ./Drivers/STM32F4xx_HAL_Driver/Src/stm32f4xx_hal_tim.o
 .debug_info    0x0000d11d     0x14db ./Drivers/STM32F4xx_HAL_Driver/Src/stm32f4xx_hal_tim_ex.o
 .debug_info    0x0000e5f8     0x2f4f ./Drivers/STM32F4xx_HAL_Driver/Src/stm32f4xx_hal_uart.o

.debug_abbrev   0x00000000     0x2309
 .debug_abbrev  0x00000000       0x4a ./Core/Src/Duck.o
 .debug_abbrev  0x0000004a       0x4a ./Core/Src/Target.o
 .debug_abbrev  0x00000094      0x378 ./Core/Src/main.o
 .debug_abbrev  0x0000040c      0x21d ./Core/Src/stm32f4xx_hal_msp.o
 .debug_abbrev  0x00000629       0xa0 ./Core/Src/stm32f4xx_it.o
 .debug_abbrev  0x000006c9       0xbc ./Core/Src/sysmem.o
 .debug_abbrev  0x00000785      0x11a ./Core/Src/system_stm32f4xx.o
 .debug_abbrev  0x0000089f      0x425 ./Core/Src/tft.o
 .debug_abbrev  0x00000cc4       0x24 ./Core/Startup/startup_stm32f446retx.o
 .debug_abbrev  0x00000ce8      0x214 ./Drivers/STM32F4xx_HAL_Driver/Src/stm32f4xx_hal.o
 .debug_abbrev  0x00000efc      0x252 ./Drivers/STM32F4xx_HAL_Driver/Src/stm32f4xx_hal_adc.o
 .debug_abbrev  0x0000114e      0x31d ./Drivers/STM32F4xx_HAL_Driver/Src/stm32f4xx_hal_cortex.o
 .debug_abbrev  0x0000146b      0x1d4 ./Drivers/STM32F4xx_HAL_Driver/Src/stm32f4xx_hal_gpio.o
 .debug_abbrev  0x0000163f      0x2b7 ./Drivers/STM32F4xx_HAL_Driver/Src/stm32f4xx_hal_rcc.o
 .debug_abbrev  0x000018f6      0x20a ./Drivers/STM32F4xx_HAL_Driver/Src/stm32f4xx_hal_rcc_ex.o
 .debug_abbrev  0x00001b00      0x278 ./Drivers/STM32F4xx_HAL_Driver/Src/stm32f4xx_hal_tim.o
 .debug_abbrev  0x00001d78      0x283 ./Drivers/STM32F4xx_HAL_Driver/Src/stm32f4xx_hal_tim_ex.o
 .debug_abbrev  0x00001ffb      0x30e ./Drivers/STM32F4xx_HAL_Driver/Src/stm32f4xx_hal_uart.o

.debug_aranges  0x00000000     0x1058
 .debug_aranges
                0x00000000       0x18 ./Core/Src/Duck.o
 .debug_aranges
                0x00000018       0x18 ./Core/Src/Target.o
 .debug_aranges
                0x00000030       0x68 ./Core/Src/main.o
 .debug_aranges
                0x00000098       0x50 ./Core/Src/stm32f4xx_hal_msp.o
 .debug_aranges
                0x000000e8       0x68 ./Core/Src/stm32f4xx_it.o
 .debug_aranges
                0x00000150       0x20 ./Core/Src/sysmem.o
 .debug_aranges
                0x00000170       0x28 ./Core/Src/system_stm32f4xx.o
 .debug_aranges
                0x00000198      0x2f8 ./Core/Src/tft.o
 .debug_aranges
                0x00000490       0x28 ./Core/Startup/startup_stm32f446retx.o
 .debug_aranges
                0x000004b8       0xf0 ./Drivers/STM32F4xx_HAL_Driver/Src/stm32f4xx_hal.o
 .debug_aranges
                0x000005a8       0xe8 ./Drivers/STM32F4xx_HAL_Driver/Src/stm32f4xx_hal_adc.o
 .debug_aranges
                0x00000690      0x130 ./Drivers/STM32F4xx_HAL_Driver/Src/stm32f4xx_hal_cortex.o
 .debug_aranges
                0x000007c0       0x58 ./Drivers/STM32F4xx_HAL_Driver/Src/stm32f4xx_hal_gpio.o
 .debug_aranges
                0x00000818       0x88 ./Drivers/STM32F4xx_HAL_Driver/Src/stm32f4xx_hal_rcc.o
 .debug_aranges
                0x000008a0       0x78 ./Drivers/STM32F4xx_HAL_Driver/Src/stm32f4xx_hal_rcc_ex.o
 .debug_aranges
                0x00000918      0x3d0 ./Drivers/STM32F4xx_HAL_Driver/Src/stm32f4xx_hal_tim.o
 .debug_aranges
                0x00000ce8      0x168 ./Drivers/STM32F4xx_HAL_Driver/Src/stm32f4xx_hal_tim_ex.o
 .debug_aranges
                0x00000e50      0x208 ./Drivers/STM32F4xx_HAL_Driver/Src/stm32f4xx_hal_uart.o

.debug_macro    0x00000000    0x232ed
 .debug_macro   0x00000000       0x17 ./Core/Src/Duck.o
 .debug_macro   0x00000017      0xab4 ./Core/Src/Duck.o
 .debug_macro   0x00000acb       0x17 ./Core/Src/Target.o
 .debug_macro   0x00000ae2      0x331 ./Core/Src/main.o
 .debug_macro   0x00000e13      0x2a1 ./Core/Src/main.o
 .debug_macro   0x000010b4       0x2e ./Core/Src/main.o
 .debug_macro   0x000010e2       0x28 ./Core/Src/main.o
 .debug_macro   0x0000110a       0x1c ./Core/Src/main.o
 .debug_macro   0x00001126       0x22 ./Core/Src/main.o
 .debug_macro   0x00001148       0xfb ./Core/Src/main.o
 .debug_macro   0x00001243     0x1011 ./Core/Src/main.o
 .debug_macro   0x00002254      0x11f ./Core/Src/main.o
 .debug_macro   0x00002373    0x16749 ./Core/Src/main.o
 .debug_macro   0x00018abc       0x6d ./Core/Src/main.o
 .debug_macro   0x00018b29     0x369a ./Core/Src/main.o
 .debug_macro   0x0001c1c3      0x189 ./Core/Src/main.o
 .debug_macro   0x0001c34c       0x5c ./Core/Src/main.o
 .debug_macro   0x0001c3a8      0xca5 ./Core/Src/main.o
 .debug_macro   0x0001d04d      0x9e9 ./Core/Src/main.o
 .debug_macro   0x0001da36      0x115 ./Core/Src/main.o
 .debug_macro   0x0001db4b      0x1a0 ./Core/Src/main.o
 .debug_macro   0x0001dceb       0xa5 ./Core/Src/main.o
 .debug_macro   0x0001dd90      0x16d ./Core/Src/main.o
 .debug_macro   0x0001defd      0x287 ./Core/Src/main.o
 .debug_macro   0x0001e184       0x5f ./Core/Src/main.o
 .debug_macro   0x0001e1e3      0x236 ./Core/Src/main.o
 .debug_macro   0x0001e419      0xb5b ./Core/Src/main.o
 .debug_macro   0x0001ef74      0x38b ./Core/Src/main.o
 .debug_macro   0x0001f2ff      0x17d ./Core/Src/main.o
 .debug_macro   0x0001f47c       0xf9 ./Core/Src/main.o
 .debug_macro   0x0001f575      0x132 ./Core/Src/main.o
 .debug_macro   0x0001f6a7      0x29c ./Core/Src/main.o
 .debug_macro   0x0001f943       0x2e ./Core/Src/main.o
 .debug_macro   0x0001f971      0x127 ./Core/Src/main.o
 .debug_macro   0x0001fa98       0xe8 ./Core/Src/main.o
 .debug_macro   0x0001fb80       0x89 ./Core/Src/main.o
 .debug_macro   0x0001fc09      0x8ed ./Core/Src/main.o
 .debug_macro   0x000204f6       0x53 ./Core/Src/main.o
 .debug_macro   0x00020549      0x2aa ./Core/Src/main.o
 .debug_macro   0x000207f3      0x126 ./Core/Src/main.o
 .debug_macro   0x00020919       0x5e ./Core/Src/main.o
 .debug_macro   0x00020977       0x61 ./Core/Src/main.o
 .debug_macro   0x000209d8       0x2a ./Core/Src/main.o
 .debug_macro   0x00020a02       0x43 ./Core/Src/main.o
 .debug_macro   0x00020a45       0x34 ./Core/Src/main.o
 .debug_macro   0x00020a79       0x16 ./Core/Src/main.o
 .debug_macro   0x00020a8f       0x43 ./Core/Src/main.o
 .debug_macro   0x00020ad2       0x34 ./Core/Src/main.o
 .debug_macro   0x00020b06       0x10 ./Core/Src/main.o
 .debug_macro   0x00020b16       0x58 ./Core/Src/main.o
 .debug_macro   0x00020b6e       0x8e ./Core/Src/main.o
 .debug_macro   0x00020bfc       0x1c ./Core/Src/main.o
 .debug_macro   0x00020c18      0x177 ./Core/Src/main.o
 .debug_macro   0x00020d8f      0x369 ./Core/Src/main.o
 .debug_macro   0x000210f8       0x10 ./Core/Src/main.o
 .debug_macro   0x00021108       0x35 ./Core/Src/main.o
 .debug_macro   0x0002113d       0x20 ./Core/Src/main.o
 .debug_macro   0x0002115d       0x16 ./Core/Src/main.o
 .debug_macro   0x00021173       0x16 ./Core/Src/main.o
 .debug_macro   0x00021189       0x29 ./Core/Src/main.o
 .debug_macro   0x000211b2       0xcc ./Core/Src/main.o
 .debug_macro   0x0002127e       0x94 ./Core/Src/main.o
 .debug_macro   0x00021312      0x205 ./Core/Src/stm32f4xx_hal_msp.o
 .debug_macro   0x00021517      0x20f ./Core/Src/stm32f4xx_it.o
 .debug_macro   0x00021726       0xff ./Core/Src/sysmem.o
 .debug_macro   0x00021825      0x23c ./Core/Src/sysmem.o
 .debug_macro   0x00021a61      0x1f6 ./Core/Src/system_stm32f4xx.o
 .debug_macro   0x00021c57      0x463 ./Core/Src/tft.o
 .debug_macro   0x000220ba      0x256 ./Drivers/STM32F4xx_HAL_Driver/Src/stm32f4xx_hal.o
 .debug_macro   0x00022310      0x1f7 ./Drivers/STM32F4xx_HAL_Driver/Src/stm32f4xx_hal_adc.o
 .debug_macro   0x00022507      0x1f6 ./Drivers/STM32F4xx_HAL_Driver/Src/stm32f4xx_hal_cortex.o
 .debug_macro   0x000226fd      0x1fc ./Drivers/STM32F4xx_HAL_Driver/Src/stm32f4xx_hal_gpio.o
 .debug_macro   0x000228f9      0x21a ./Drivers/STM32F4xx_HAL_Driver/Src/stm32f4xx_hal_rcc.o
 .debug_macro   0x00022b13      0x1f6 ./Drivers/STM32F4xx_HAL_Driver/Src/stm32f4xx_hal_rcc_ex.o
 .debug_macro   0x00022d09      0x1f7 ./Drivers/STM32F4xx_HAL_Driver/Src/stm32f4xx_hal_tim.o
 .debug_macro   0x00022f00      0x1f6 ./Drivers/STM32F4xx_HAL_Driver/Src/stm32f4xx_hal_tim_ex.o
 .debug_macro   0x000230f6      0x1f7 ./Drivers/STM32F4xx_HAL_Driver/Src/stm32f4xx_hal_uart.o

.debug_line     0x00000000    0x134da
 .debug_line    0x00000000       0x33 ./Core/Src/Duck.o
 .debug_line    0x00000033       0x35 ./Core/Src/Target.o
 .debug_line    0x00000068     0x1003 ./Core/Src/main.o
 .debug_line    0x0000106b      0x88f ./Core/Src/stm32f4xx_hal_msp.o
 .debug_line    0x000018fa      0x870 ./Core/Src/stm32f4xx_it.o
 .debug_line    0x0000216a      0x583 ./Core/Src/sysmem.o
 .debug_line    0x000026ed      0x81a ./Core/Src/system_stm32f4xx.o
 .debug_line    0x00002f07     0x2fb6 ./Core/Src/tft.o
 .debug_line    0x00005ebd       0x7a ./Core/Startup/startup_stm32f446retx.o
 .debug_line    0x00005f37      0xa83 ./Drivers/STM32F4xx_HAL_Driver/Src/stm32f4xx_hal.o
 .debug_line    0x000069ba     0x1317 ./Drivers/STM32F4xx_HAL_Driver/Src/stm32f4xx_hal_adc.o
 .debug_line    0x00007cd1      0xd75 ./Drivers/STM32F4xx_HAL_Driver/Src/stm32f4xx_hal_cortex.o
 .debug_line    0x00008a46      0xbfb ./Drivers/STM32F4xx_HAL_Driver/Src/stm32f4xx_hal_gpio.o
 .debug_line    0x00009641      0xe1a ./Drivers/STM32F4xx_HAL_Driver/Src/stm32f4xx_hal_rcc.o
 .debug_line    0x0000a45b     0x148a ./Drivers/STM32F4xx_HAL_Driver/Src/stm32f4xx_hal_rcc_ex.o
 .debug_line    0x0000b8e5     0x3827 ./Drivers/STM32F4xx_HAL_Driver/Src/stm32f4xx_hal_tim.o
 .debug_line    0x0000f10c     0x1a79 ./Drivers/STM32F4xx_HAL_Driver/Src/stm32f4xx_hal_tim_ex.o
 .debug_line    0x00010b85     0x2955 ./Drivers/STM32F4xx_HAL_Driver/Src/stm32f4xx_hal_uart.o

.debug_str      0x00000000    0xdea2e
 .debug_str     0x00000000     0x2e32 ./Core/Src/Duck.o
                               0x2e52 (size before relaxing)
 .debug_str     0x00002e32       0x1c ./Core/Src/Target.o
                               0x2e56 (size before relaxing)
 .debug_str     0x00002e4e    0xd788d ./Core/Src/main.o
                              0xdaabd (size before relaxing)
 .debug_str     0x000da6db       0xe0 ./Core/Src/stm32f4xx_hal_msp.o
                              0xd67ec (size before relaxing)
 .debug_str     0x000da7bb       0xf3 ./Core/Src/stm32f4xx_it.o
                              0xd5d97 (size before relaxing)
 .debug_str     0x000da8ae      0x4dc ./Core/Src/sysmem.o
                               0x60fb (size before relaxing)
 .debug_str     0x000dad8a       0xdb ./Core/Src/system_stm32f4xx.o
                              0xd5d3f (size before relaxing)
 .debug_str     0x000dae65     0x10c9 ./Core/Src/tft.o
                              0xdac82 (size before relaxing)
 .debug_str     0x000dbf2e       0x44 ./Core/Startup/startup_stm32f446retx.o
                                 0xae (size before relaxing)
 .debug_str     0x000dbf72      0x5f0 ./Drivers/STM32F4xx_HAL_Driver/Src/stm32f4xx_hal.o
                              0xd6904 (size before relaxing)
 .debug_str     0x000dc562      0x27b ./Drivers/STM32F4xx_HAL_Driver/Src/stm32f4xx_hal_adc.o
                              0xd6307 (size before relaxing)
 .debug_str     0x000dc7dd      0x375 ./Drivers/STM32F4xx_HAL_Driver/Src/stm32f4xx_hal_cortex.o
                              0xd665b (size before relaxing)
 .debug_str     0x000dcb52       0xe2 ./Drivers/STM32F4xx_HAL_Driver/Src/stm32f4xx_hal_gpio.o
                              0xd5eba (size before relaxing)
 .debug_str     0x000dcc34      0x233 ./Drivers/STM32F4xx_HAL_Driver/Src/stm32f4xx_hal_rcc.o
                              0xd6178 (size before relaxing)
 .debug_str     0x000dce67      0x324 ./Drivers/STM32F4xx_HAL_Driver/Src/stm32f4xx_hal_rcc_ex.o
                              0xd61ab (size before relaxing)
 .debug_str     0x000dd18b      0xdfa ./Drivers/STM32F4xx_HAL_Driver/Src/stm32f4xx_hal_tim.o
                              0xd70a4 (size before relaxing)
 .debug_str     0x000ddf85      0x493 ./Drivers/STM32F4xx_HAL_Driver/Src/stm32f4xx_hal_tim_ex.o
                              0xd68b0 (size before relaxing)
 .debug_str     0x000de418      0x616 ./Drivers/STM32F4xx_HAL_Driver/Src/stm32f4xx_hal_uart.o
                              0xd672f (size before relaxing)

.comment        0x00000000       0x43
 .comment       0x00000000       0x43 ./Core/Src/Duck.o
                                 0x44 (size before relaxing)
 .comment       0x00000043       0x44 ./Core/Src/Target.o
 .comment       0x00000043       0x44 ./Core/Src/main.o
 .comment       0x00000043       0x44 ./Core/Src/stm32f4xx_hal_msp.o
 .comment       0x00000043       0x44 ./Core/Src/stm32f4xx_it.o
 .comment       0x00000043       0x44 ./Core/Src/sysmem.o
 .comment       0x00000043       0x44 ./Core/Src/system_stm32f4xx.o
 .comment       0x00000043       0x44 ./Core/Src/tft.o
 .comment       0x00000043       0x44 ./Drivers/STM32F4xx_HAL_Driver/Src/stm32f4xx_hal.o
 .comment       0x00000043       0x44 ./Drivers/STM32F4xx_HAL_Driver/Src/stm32f4xx_hal_adc.o
 .comment       0x00000043       0x44 ./Drivers/STM32F4xx_HAL_Driver/Src/stm32f4xx_hal_cortex.o
 .comment       0x00000043       0x44 ./Drivers/STM32F4xx_HAL_Driver/Src/stm32f4xx_hal_gpio.o
 .comment       0x00000043       0x44 ./Drivers/STM32F4xx_HAL_Driver/Src/stm32f4xx_hal_rcc.o
 .comment       0x00000043       0x44 ./Drivers/STM32F4xx_HAL_Driver/Src/stm32f4xx_hal_rcc_ex.o
 .comment       0x00000043       0x44 ./Drivers/STM32F4xx_HAL_Driver/Src/stm32f4xx_hal_tim.o
 .comment       0x00000043       0x44 ./Drivers/STM32F4xx_HAL_Driver/Src/stm32f4xx_hal_tim_ex.o
 .comment       0x00000043       0x44 ./Drivers/STM32F4xx_HAL_Driver/Src/stm32f4xx_hal_uart.o

.debug_rnglists
                0x00000000      0xcb9
 .debug_rnglists
                0x00000000       0x50 ./Core/Src/main.o
 .debug_rnglists
                0x00000050       0x39 ./Core/Src/stm32f4xx_hal_msp.o
 .debug_rnglists
                0x00000089       0x49 ./Core/Src/stm32f4xx_it.o
 .debug_rnglists
                0x000000d2       0x13 ./Core/Src/sysmem.o
 .debug_rnglists
                0x000000e5       0x1a ./Core/Src/system_stm32f4xx.o
 .debug_rnglists
                0x000000ff      0x25f ./Core/Src/tft.o
 .debug_rnglists
                0x0000035e       0x19 ./Core/Startup/startup_stm32f446retx.o
 .debug_rnglists
                0x00000377       0xaf ./Drivers/STM32F4xx_HAL_Driver/Src/stm32f4xx_hal.o
 .debug_rnglists
                0x00000426       0xb5 ./Drivers/STM32F4xx_HAL_Driver/Src/stm32f4xx_hal_adc.o
 .debug_rnglists
                0x000004db       0xe0 ./Drivers/STM32F4xx_HAL_Driver/Src/stm32f4xx_hal_cortex.o
 .debug_rnglists
                0x000005bb       0x3f ./Drivers/STM32F4xx_HAL_Driver/Src/stm32f4xx_hal_gpio.o
 .debug_rnglists
                0x000005fa       0x66 ./Drivers/STM32F4xx_HAL_Driver/Src/stm32f4xx_hal_rcc.o
 .debug_rnglists
                0x00000660       0x5e ./Drivers/STM32F4xx_HAL_Driver/Src/stm32f4xx_hal_rcc_ex.o
 .debug_rnglists
                0x000006be      0x31a ./Drivers/STM32F4xx_HAL_Driver/Src/stm32f4xx_hal_tim.o
 .debug_rnglists
                0x000009d8      0x125 ./Drivers/STM32F4xx_HAL_Driver/Src/stm32f4xx_hal_tim_ex.o
 .debug_rnglists
                0x00000afd      0x1bc ./Drivers/STM32F4xx_HAL_Driver/Src/stm32f4xx_hal_uart.o

.debug_frame    0x00000000     0x48b0
 .debug_frame   0x00000000      0x164 ./Core/Src/main.o
 .debug_frame   0x00000164      0x114 ./Core/Src/stm32f4xx_hal_msp.o
 .debug_frame   0x00000278      0x120 ./Core/Src/stm32f4xx_it.o
 .debug_frame   0x00000398       0x34 ./Core/Src/sysmem.o
 .debug_frame   0x000003cc       0x58 ./Core/Src/system_stm32f4xx.o
 .debug_frame   0x00000424      0xdcc ./Core/Src/tft.o
 .debug_frame   0x000011f0      0x374 ./Drivers/STM32F4xx_HAL_Driver/Src/stm32f4xx_hal.o
 .debug_frame   0x00001564      0x3fc ./Drivers/STM32F4xx_HAL_Driver/Src/stm32f4xx_hal_adc.o
 .debug_frame   0x00001960      0x508 ./Drivers/STM32F4xx_HAL_Driver/Src/stm32f4xx_hal_cortex.o
 .debug_frame   0x00001e68      0x14c ./Drivers/STM32F4xx_HAL_Driver/Src/stm32f4xx_hal_gpio.o
 .debug_frame   0x00001fb4      0x1f4 ./Drivers/STM32F4xx_HAL_Driver/Src/stm32f4xx_hal_rcc.o
 .debug_frame   0x000021a8      0x1e8 ./Drivers/STM32F4xx_HAL_Driver/Src/stm32f4xx_hal_rcc_ex.o
 .debug_frame   0x00002390     0x11c0 ./Drivers/STM32F4xx_HAL_Driver/Src/stm32f4xx_hal_tim.o
 .debug_frame   0x00003550      0x638 ./Drivers/STM32F4xx_HAL_Driver/Src/stm32f4xx_hal_tim_ex.o
 .debug_frame   0x00003b88      0x954 ./Drivers/STM32F4xx_HAL_Driver/Src/stm32f4xx_hal_uart.o
 .debug_frame   0x000044dc       0x30 C:/ST/STM32CubeIDE_1.16.1/STM32CubeIDE/plugins/com.st.stm32cube.ide.mcu.externaltools.gnu-tools-for-stm32.12.3.rel1.win32_1.0.200.202406191623/tools/bin/../lib/gcc/arm-none-eabi/12.3.1/../../../../arm-none-eabi/lib/thumb/v7e-m+fp/hard\libc_nano.a(libc_a-malloc.o)
 .debug_frame   0x0000450c       0x50 C:/ST/STM32CubeIDE_1.16.1/STM32CubeIDE/plugins/com.st.stm32cube.ide.mcu.externaltools.gnu-tools-for-stm32.12.3.rel1.win32_1.0.200.202406191623/tools/bin/../lib/gcc/arm-none-eabi/12.3.1/../../../../arm-none-eabi/lib/thumb/v7e-m+fp/hard\libc_nano.a(libc_a-mallocr.o)
 .debug_frame   0x0000455c       0x30 C:/ST/STM32CubeIDE_1.16.1/STM32CubeIDE/plugins/com.st.stm32cube.ide.mcu.externaltools.gnu-tools-for-stm32.12.3.rel1.win32_1.0.200.202406191623/tools/bin/../lib/gcc/arm-none-eabi/12.3.1/../../../../arm-none-eabi/lib/thumb/v7e-m+fp/hard\libc_nano.a(libc_a-mlock.o)
 .debug_frame   0x0000458c      0x144 C:/ST/STM32CubeIDE_1.16.1/STM32CubeIDE/plugins/com.st.stm32cube.ide.mcu.externaltools.gnu-tools-for-stm32.12.3.rel1.win32_1.0.200.202406191623/tools/bin/../lib/gcc/arm-none-eabi/12.3.1/../../../../arm-none-eabi/lib/thumb/v7e-m+fp/hard\libc_nano.a(libc_a-findfp.o)
 .debug_frame   0x000046d0       0x20 C:/ST/STM32CubeIDE_1.16.1/STM32CubeIDE/plugins/com.st.stm32cube.ide.mcu.externaltools.gnu-tools-for-stm32.12.3.rel1.win32_1.0.200.202406191623/tools/bin/../lib/gcc/arm-none-eabi/12.3.1/../../../../arm-none-eabi/lib/thumb/v7e-m+fp/hard\libc_nano.a(libc_a-memset.o)
 .debug_frame   0x000046f0       0x38 C:/ST/STM32CubeIDE_1.16.1/STM32CubeIDE/plugins/com.st.stm32cube.ide.mcu.externaltools.gnu-tools-for-stm32.12.3.rel1.win32_1.0.200.202406191623/tools/bin/../lib/gcc/arm-none-eabi/12.3.1/../../../../arm-none-eabi/lib/thumb/v7e-m+fp/hard\libc_nano.a(libc_a-reent.o)
 .debug_frame   0x00004728       0x2c C:/ST/STM32CubeIDE_1.16.1/STM32CubeIDE/plugins/com.st.stm32cube.ide.mcu.externaltools.gnu-tools-for-stm32.12.3.rel1.win32_1.0.200.202406191623/tools/bin/../lib/gcc/arm-none-eabi/12.3.1/../../../../arm-none-eabi/lib/thumb/v7e-m+fp/hard\libc_nano.a(libc_a-sbrkr.o)
 .debug_frame   0x00004754       0x20 C:/ST/STM32CubeIDE_1.16.1/STM32CubeIDE/plugins/com.st.stm32cube.ide.mcu.externaltools.gnu-tools-for-stm32.12.3.rel1.win32_1.0.200.202406191623/tools/bin/../lib/gcc/arm-none-eabi/12.3.1/../../../../arm-none-eabi/lib/thumb/v7e-m+fp/hard\libc_nano.a(libc_a-errno.o)
 .debug_frame   0x00004774       0x2c C:/ST/STM32CubeIDE_1.16.1/STM32CubeIDE/plugins/com.st.stm32cube.ide.mcu.externaltools.gnu-tools-for-stm32.12.3.rel1.win32_1.0.200.202406191623/tools/bin/../lib/gcc/arm-none-eabi/12.3.1/../../../../arm-none-eabi/lib/thumb/v7e-m+fp/hard\libc_nano.a(libc_a-init.o)
 .debug_frame   0x000047a0       0xb0 C:/ST/STM32CubeIDE_1.16.1/STM32CubeIDE/plugins/com.st.stm32cube.ide.mcu.externaltools.gnu-tools-for-stm32.12.3.rel1.win32_1.0.200.202406191623/tools/bin/../lib/gcc/arm-none-eabi/12.3.1/../../../../arm-none-eabi/lib/thumb/v7e-m+fp/hard\libc_nano.a(libc_a-lock.o)
 .debug_frame   0x00004850       0x2c C:/ST/STM32CubeIDE_1.16.1/STM32CubeIDE/plugins/com.st.stm32cube.ide.mcu.externaltools.gnu-tools-for-stm32.12.3.rel1.win32_1.0.200.202406191623/tools/bin/../lib/gcc/arm-none-eabi/12.3.1/thumb/v7e-m+fp/hard\libgcc.a(_aeabi_uldivmod.o)
 .debug_frame   0x0000487c       0x34 C:/ST/STM32CubeIDE_1.16.1/STM32CubeIDE/plugins/com.st.stm32cube.ide.mcu.externaltools.gnu-tools-for-stm32.12.3.rel1.win32_1.0.200.202406191623/tools/bin/../lib/gcc/arm-none-eabi/12.3.1/thumb/v7e-m+fp/hard\libgcc.a(_udivmoddi4.o)

.debug_line_str
                0x00000000       0x92
 .debug_line_str
                0x00000000       0x92 ./Core/Startup/startup_stm32f446retx.o
