../Core/Src/tft.c:93:6:PIN_LOW	16	static
../Core/Src/tft.c:104:6:PIN_HIGH	16	static
../Core/Src/tft.c:115:6:PIN_INPUT	40	static
../Core/Src/tft.c:131:6:PIN_OUTPUT	40	static
../Core/Src/tft.c:203:10:width	4	static
../Core/Src/tft.c:206:10:height	4	static
../Core/Src/tft.c:247:17:color565_to_555	16	static
../Core/Src/tft.c:252:17:color555_to_565	16	static
../Core/Src/tft.c:257:16:color565_to_r	16	static
../Core/Src/tft.c:262:16:color565_to_g	16	static
../Core/Src/tft.c:267:16:color565_to_b	16	static
../Core/Src/tft.c:272:13:pushCommand	16	static
../Core/Src/tft.c:277:13:setReadDir	8	static
../Core/Src/tft.c:289:13:setWriteDir	8	static
../Core/Src/tft.c:301:13:pushColors_any	40	static
../Core/Src/tft.c:338:13:write24	24	static
../Core/Src/tft.c:348:13:writecmddata	24	static
../Core/Src/tft.c:356:13:WriteCmdParamN	24	static
../Core/Src/tft.c:371:20:WriteCmdParam4	32	static
../Core/Src/tft.c:378:13:init_table	48	static
../Core/Src/tft.c:402:13:init_table16	24	static
../Core/Src/tft.c:417:17:read16bits	16	static
../Core/Src/tft.c:426:17:readReg	24	static
../Core/Src/tft.c:444:17:readReg32	24	static
../Core/Src/tft.c:451:17:readReg40	24	static
../Core/Src/tft.c:459:13:pushColors16b	24	static
../Core/Src/tft.c:464:13:pushColors8b	24	static
../Core/Src/tft.c:469:13:pushColors4n	24	static
../Core/Src/tft.c:474:13:setAddrWindow	40	static
../Core/Src/tft.c:517:13:writePixel	16	static
../Core/Src/tft.c:522:13:writeLine	48	static
../Core/Src/tft.c:570:13:delay	16	static
../Core/Src/tft.c:578:10:tft_color565	16	static
../Core/Src/tft.c:580:10:tft_readPixel	32	static
../Core/Src/tft.c:582:6:tft_writeCmdData	16	static
../Core/Src/tft.c:585:9:tft_readGRAM	56	static
../Core/Src/tft.c:653:6:tft_reset	8	static
../Core/Src/tft.c:670:6:tft_init	40	static
../Core/Src/tft.c:2721:10:tft_readID	24	static
../Core/Src/tft.c:2817:6:tft_setRotation	40	static
../Core/Src/tft.c:2981:9:tft_getRotation	4	static
../Core/Src/tft.c:2986:6:tft_drawPixel	32	static
../Core/Src/tft.c:3000:6:tft_vertScroll	32	static
../Core/Src/tft.c:3077:6:tft_invertDisplay	24	static
../Core/Src/tft.c:3123:6:tft_drawFastVLine	32	static
../Core/Src/tft.c:3128:6:tft_drawFastHLine	32	static
../Core/Src/tft.c:3133:6:tft_drawLine	40	static
../Core/Src/tft.c:3146:6:tft_drawCircle	40	static
../Core/Src/tft.c:3180:6:tft_drawCircleHelper	40	static
../Core/Src/tft.c:3216:6:tft_fillCircle	32	static
../Core/Src/tft.c:3222:6:tft_fillCircleHelper	40	static
../Core/Src/tft.c:3259:6:tft_drawRect	24	static
../Core/Src/tft.c:3267:6:tft_fillRect	32	static
../Core/Src/tft.c:3355:6:tft_drawRoundRect	40	static
../Core/Src/tft.c:3371:6:tft_fillRoundRect	40	static
../Core/Src/tft.c:3382:6:tft_drawTriangle	32	static
../Core/Src/tft.c:3389:6:tft_fillTriangle	72	static
../Core/Src/tft.c:3465:6:tft_fillScreen	24	static
../Core/Src/tft.c:3474:6:tft_testfillScreen	8	static
../Core/Src/tft.c:3483:6:tft_testLines	56	static
../Core/Src/tft.c:3526:6:tft_testFastLines	32	static
../Core/Src/tft.c:3535:6:tft_testRects	56	static
../Core/Src/tft.c:3549:6:tft_testFilledRects	56	static
../Core/Src/tft.c:3566:6:tft_testFilledCircles	40	static
../Core/Src/tft.c:3579:6:tft_testCircles	40	static
../Core/Src/tft.c:3595:6:tft_testTriangles	64	static
../Core/Src/tft.c:3611:6:testFilledTriangles	64	static
../Core/Src/tft.c:3624:6:tft_testRoundRects	72	static
../Core/Src/tft.c:3641:6:tft_testFilledRoundRects	64	static
../Core/Src/tft.c:3660:6:tft_drawChar	56	static
../Core/Src/tft.c:3711:8:tft_write	48	static
../Core/Src/tft.c:3749:8:tft_write_fillbackground	64	static
../Core/Src/tft.c:3829:6:tft_setFont	16	static
../Core/Src/tft.c:3858:6:tft_charBounds	56	static
../Core/Src/tft.c:3929:6:tft_getTextBounds	64	static
../Core/Src/tft.c:3962:6:tft_printnewtstr	24	static
../Core/Src/tft.c:3983:6:tft_printnewtstr_bc	24	static
../Core/Src/tft.c:4001:6:tft_printstr	16	static
../Core/Src/tft.c:4012:6:tft_printstr_bc	16	static
../Core/Src/tft.c:4024:6:tft_setTextWrap	16	static
../Core/Src/tft.c:4035:6:tft_setTextColor	16	static
../Core/Src/tft.c:4046:6:tft_setTextBackColor	16	static
../Core/Src/tft.c:4051:6:tft_setTextSize	16	static
../Core/Src/tft.c:4056:6:tft_setCursor	16	static
../Core/Src/tft.c:4059:6:tft_scrollup	24	static
../Core/Src/tft.c:4072:6:tft_scrolldown	24	static
../Core/Src/tft.c:4087:6:tft_desenhaPixel	24	static
../Core/Src/tft.c:4092:6:tft_inicioDados	16	static
../Core/Src/tft.c:4098:6:tft_fimDados	8	static
../Core/Src/tft.c:4103:6:tft_setAddrWindow	24	static
../Core/Src/tft.c:4109:6:tft_gpio_init	24	static
../Core/Src/tft.c:4152:6:tft_drawRGBBitmap	40	static
